Archive member included to satisfy reference by file (symbol)

g:/apps/gcc-arm-none-eabi/bin/../lib/gcc/arm-none-eabi/10.3.1/thumb/v6-m/nofp\libgcc.a(_dvmd_tls.o)
                              CMakeFiles/mouse_fw.dir/pico-sdk/src/rp2_common/pico_divider/divider_hardware.S.obj (__aeabi_idiv0)
g:/apps/gcc-arm-none-eabi/bin/../lib/gcc/arm-none-eabi/10.3.1/../../../../arm-none-eabi/lib/thumb/v6-m/nofp\libg.a(lib_a-calloc.o)
                              CMakeFiles/mouse_fw.dir/pico-sdk/src/rp2_common/pico_malloc/malloc.c.obj (calloc)
g:/apps/gcc-arm-none-eabi/bin/../lib/gcc/arm-none-eabi/10.3.1/../../../../arm-none-eabi/lib/thumb/v6-m/nofp\libg.a(lib_a-callocr.o)
                              g:/apps/gcc-arm-none-eabi/bin/../lib/gcc/arm-none-eabi/10.3.1/../../../../arm-none-eabi/lib/thumb/v6-m/nofp\libg.a(lib_a-calloc.o) (_calloc_r)
g:/apps/gcc-arm-none-eabi/bin/../lib/gcc/arm-none-eabi/10.3.1/../../../../arm-none-eabi/lib/thumb/v6-m/nofp\libg.a(lib_a-errno.o)
                              g:/apps/gcc-arm-none-eabi/bin/../lib/gcc/arm-none-eabi/10.3.1/../../../../arm-none-eabi/lib/thumb/v6-m/nofp\libg.a(lib_a-callocr.o) (__errno)
g:/apps/gcc-arm-none-eabi/bin/../lib/gcc/arm-none-eabi/10.3.1/../../../../arm-none-eabi/lib/thumb/v6-m/nofp\libg.a(lib_a-impure.o)
                              g:/apps/gcc-arm-none-eabi/bin/../lib/gcc/arm-none-eabi/10.3.1/../../../../arm-none-eabi/lib/thumb/v6-m/nofp\libg.a(lib_a-calloc.o) (_impure_ptr)
g:/apps/gcc-arm-none-eabi/bin/../lib/gcc/arm-none-eabi/10.3.1/../../../../arm-none-eabi/lib/thumb/v6-m/nofp\libg.a(lib_a-init.o)
                              g:/apps/gcc-arm-none-eabi/bin/../lib/gcc/arm-none-eabi/10.3.1/../../../../arm-none-eabi/lib/thumb/v6-m/nofp/crt0.o (__libc_init_array)
g:/apps/gcc-arm-none-eabi/bin/../lib/gcc/arm-none-eabi/10.3.1/../../../../arm-none-eabi/lib/thumb/v6-m/nofp\libg.a(lib_a-lcltime_r.o)
                              CMakeFiles/mouse_fw.dir/pico-sdk/src/common/pico_util/datetime.c.obj (localtime_r)
g:/apps/gcc-arm-none-eabi/bin/../lib/gcc/arm-none-eabi/10.3.1/../../../../arm-none-eabi/lib/thumb/v6-m/nofp\libg.a(lib_a-malloc.o)
                              CMakeFiles/mouse_fw.dir/pico-sdk/src/rp2_common/pico_malloc/malloc.c.obj (malloc)
g:/apps/gcc-arm-none-eabi/bin/../lib/gcc/arm-none-eabi/10.3.1/../../../../arm-none-eabi/lib/thumb/v6-m/nofp\libg.a(lib_a-mallocr.o)
                              g:/apps/gcc-arm-none-eabi/bin/../lib/gcc/arm-none-eabi/10.3.1/../../../../arm-none-eabi/lib/thumb/v6-m/nofp\libg.a(lib_a-callocr.o) (_malloc_r)
g:/apps/gcc-arm-none-eabi/bin/../lib/gcc/arm-none-eabi/10.3.1/../../../../arm-none-eabi/lib/thumb/v6-m/nofp\libg.a(lib_a-memcmp.o)
                              CMakeFiles/mouse_fw.dir/pico-sdk/src/rp2_common/pico_atomic/atomic.c.obj (memcmp)
g:/apps/gcc-arm-none-eabi/bin/../lib/gcc/arm-none-eabi/10.3.1/../../../../arm-none-eabi/lib/thumb/v6-m/nofp\libg.a(lib_a-mktime.o)
                              CMakeFiles/mouse_fw.dir/pico-sdk/src/common/pico_util/datetime.c.obj (mktime)
g:/apps/gcc-arm-none-eabi/bin/../lib/gcc/arm-none-eabi/10.3.1/../../../../arm-none-eabi/lib/thumb/v6-m/nofp\libg.a(lib_a-mlock.o)
                              g:/apps/gcc-arm-none-eabi/bin/../lib/gcc/arm-none-eabi/10.3.1/../../../../arm-none-eabi/lib/thumb/v6-m/nofp\libg.a(lib_a-mallocr.o) (__malloc_lock)
g:/apps/gcc-arm-none-eabi/bin/../lib/gcc/arm-none-eabi/10.3.1/../../../../arm-none-eabi/lib/thumb/v6-m/nofp\libg.a(lib_a-month_lengths.o)
                              g:/apps/gcc-arm-none-eabi/bin/../lib/gcc/arm-none-eabi/10.3.1/../../../../arm-none-eabi/lib/thumb/v6-m/nofp\libg.a(lib_a-lcltime_r.o) (__month_lengths)
g:/apps/gcc-arm-none-eabi/bin/../lib/gcc/arm-none-eabi/10.3.1/../../../../arm-none-eabi/lib/thumb/v6-m/nofp\libg.a(lib_a-realloc.o)
                              CMakeFiles/mouse_fw.dir/pico-sdk/src/rp2_common/pico_malloc/malloc.c.obj (realloc)
g:/apps/gcc-arm-none-eabi/bin/../lib/gcc/arm-none-eabi/10.3.1/../../../../arm-none-eabi/lib/thumb/v6-m/nofp\libg.a(lib_a-reallocr.o)
                              g:/apps/gcc-arm-none-eabi/bin/../lib/gcc/arm-none-eabi/10.3.1/../../../../arm-none-eabi/lib/thumb/v6-m/nofp\libg.a(lib_a-realloc.o) (_realloc_r)
g:/apps/gcc-arm-none-eabi/bin/../lib/gcc/arm-none-eabi/10.3.1/../../../../arm-none-eabi/lib/thumb/v6-m/nofp\libg.a(lib_a-sbrkr.o)
                              g:/apps/gcc-arm-none-eabi/bin/../lib/gcc/arm-none-eabi/10.3.1/../../../../arm-none-eabi/lib/thumb/v6-m/nofp\libg.a(lib_a-mallocr.o) (_sbrk_r)
g:/apps/gcc-arm-none-eabi/bin/../lib/gcc/arm-none-eabi/10.3.1/../../../../arm-none-eabi/lib/thumb/v6-m/nofp\libg.a(lib_a-strlen-stub.o)
                              CMakeFiles/mouse_fw.dir/pico-sdk/src/rp2_common/pico_stdio/stdio.c.obj (strlen)
g:/apps/gcc-arm-none-eabi/bin/../lib/gcc/arm-none-eabi/10.3.1/../../../../arm-none-eabi/lib/thumb/v6-m/nofp\libg.a(lib_a-tzcalc_limits.o)
[...]
Memory Configuration

Name             Origin             Length             Attributes
FLASH            0x10000000         0x00200000         xr
RAM              0x20000000         0x00040000         xrw
SCRATCH_X        0x20040000         0x00001000         xrw
SCRATCH_Y        0x20041000         0x00001000         xrw
*default*        0x00000000         0xffffffff

Linker script and memory map

LOAD g:/apps/gcc-arm-none-eabi/bin/../lib/gcc/arm-none-eabi/10.3.1/thumb/v6-m/nofp/crti.o
LOAD g:/apps/gcc-arm-none-eabi/bin/../lib/gcc/arm-none-eabi/10.3.1/thumb/v6-m/nofp/crtbegin.o
LOAD g:/apps/gcc-arm-none-eabi/bin/../lib/gcc/arm-none-eabi/10.3.1/../../../../arm-none-eabi/lib/thumb/v6-m/nofp/crt0.o

.flash_begin    0x10000000        0x0
                0x10000000                __flash_binary_start = .

.boot2          0x10000000      0x100
                0x10000000                __boot2_start__ = .
 *(.boot2)
 .boot2         0x10000000      0x100 pico-sdk/src/rp2040/boot_stage2/CMakeFiles/bs2_default_library.dir/./bs2_default_padded_checksummed.S.obj
                0x10000100                __boot2_end__ = .
                0x00000001                ASSERT (((__boot2_end__ - __boot2_start__) == 0x100), ERROR: Pico second stage bootloader must be 256 bytes in size)

.text           0x10000100     0x47b4
                0x10000100                __logical_binary_start = .
 *(.vectors)
 .vectors       0x10000100       0xd4 CMakeFiles/mouse_fw.dir/pico-sdk/src/rp2_common/pico_crt0/crt0.S.obj
                0x10000100                __VECTOR_TABLE
                0x10000100                __vectors
                0x100001c0                isr_irq13
                0x100001c0                isr_irq27
                0x100001c0                isr_irq31
                0x100001c0                isr_irq12
                0x100001c0                isr_irq5
                0x100001c0                isr_irq11
                0x100001c0                isr_irq3
                0x100001c0                isr_irq23
                0x100001c0                __unhandled_user_irq
                0x100001c0                isr_irq26
                0x100001c0                isr_irq28
                0x100001c0                isr_irq19
                0x100001c0                isr_irq0
                0x100001c0                isr_irq6
                0x100001c0                isr_irq29
                0x100001c0                isr_irq16
                0x100001c0                isr_irq22
                0x100001c0                isr_irq18
                0x100001c0                isr_irq17
                0x100001c0                isr_irq14
                0x100001c0                __vectors_end
                0x100001c0                __default_isrs_start
                0x100001c0                isr_irq2
                0x100001c0                isr_irq10
                0x100001c0                isr_irq8
                0x100001c0                isr_irq24
                0x100001c0                isr_irq1
                0x100001c0                isr_irq7
                0x100001c0                isr_irq21
                0x100001c0                isr_irq20
                0x100001c0                isr_irq15
                0x100001c0                isr_irq25
                0x100001c0                isr_irq4
                0x100001c0                isr_irq30
                0x100001c0                isr_irq9
                0x100001c6                unhandled_user_irq_num_in_r0
                0x100001c8                isr_invalid
                0x100001ca                isr_nmi
                0x100001cc                isr_hardfault
                0x100001ce                isr_svcall
                0x100001d0                isr_pendsv
                0x100001d2                isr_systick
                0x100001d4                __default_isrs_end
 *(.binary_info_header)
 .binary_info_header
                0x100001d4       0x14 CMakeFiles/mouse_fw.dir/pico-sdk/src/rp2_common/pico_crt0/crt0.S.obj
                0x100001e8                __binary_info_header_end = .
 *(.embedded_block)
                0x100001e8                __embedded_block_end = .
 *(.reset)
 .reset         0x100001e8       0x9c CMakeFiles/mouse_fw.dir/pico-sdk/src/rp2_common/pico_crt0/crt0.S.obj
                0x100001e8                _entry_point
 *(.init)
 .init          0x10000284        0x4 g:/apps/gcc-arm-none-eabi/bin/../lib/gcc/arm-none-eabi/10.3.1/thumb/v6-m/nofp/crti.o
                0x10000284                _init
 *(EXCLUDE_FILE(*libm.a: *libc.a:*lib_a-mem*.o *libgcc.a:) .text*)
 .text          0x10000288       0x48 g:/apps/gcc-arm-none-eabi/bin/../lib/gcc/arm-none-eabi/10.3.1/thumb/v6-m/nofp/crtbegin.o
 .text.startup.main
                0x100002d0       0x28 CMakeFiles/mouse_fw.dir/src/main.c.obj
                0x100002d0                main
 .text.gpio_get_function
                0x100002f8       0x14 CMakeFiles/mouse_fw.dir/pico-sdk/src/rp2_common/hardware_gpio/gpio.c.obj
                0x100002f8                gpio_get_function
 .text.gpio_set_pulls
                0x1000030c       0x34 CMakeFiles/mouse_fw.dir/pico-sdk/src/rp2_common/hardware_gpio/gpio.c.obj
                0x1000030c                gpio_set_pulls
 .text.gpio_set_inover
                0x10000340       0x24 CMakeFiles/mouse_fw.dir/pico-sdk/src/rp2_common/hardware_gpio/gpio.c.obj
                0x10000340                gpio_set_inover
 .text.gpio_set_oeover
                0x10000364       0x24 CMakeFiles/mouse_fw.dir/pico-sdk/src/rp2_common/hardware_gpio/gpio.c.obj
                0x10000364                gpio_set_oeover
 .text.rp2040_chip_version
                0x10000388        0xc CMakeFiles/mouse_fw.dir/pico-sdk/src/rp2040/pico_platform/platform.c.obj
                0x10000388                rp2040_chip_version
 .text.panic    0x10000394       0x30 CMakeFiles/mouse_fw.dir/pico-sdk/src/rp2_common/pico_platform_panic/panic.c.obj
                0x10000394                panic
 .text.hw_claim_or_assert
                0x100003c4       0x44 CMakeFiles/mouse_fw.dir/pico-sdk/src/common/hardware_claim/claim.c.obj
                0x100003c4                hw_claim_or_assert
 .text.hw_claim_unused_from_range
                0x10000408       0x9c CMakeFiles/mouse_fw.dir/pico-sdk/src/common/hardware_claim/claim.c.obj
                0x10000408                hw_claim_unused_from_range
 .text.next_striped_spin_lock_num
                0x100004a4       0x18 CMakeFiles/mouse_fw.dir/pico-sdk/src/rp2_common/hardware_sync/sync.c.obj
                0x100004a4                next_striped_spin_lock_num
 .text.spin_lock_claim_unused
                0x100004bc       0x20 CMakeFiles/mouse_fw.dir/pico-sdk/src/rp2_common/hardware_sync/sync.c.obj
                0x100004bc                spin_lock_claim_unused
 .text.spin_locks_reset
                0x100004dc       0x1c CMakeFiles/mouse_fw.dir/pico-sdk/src/rp2_common/hardware_sync_spin_lock/sync_spin_lock.c.obj
                0x100004dc                spin_locks_reset
 .text.runtime_init_per_core_irq_priorities
                0x100004f8       0x24 CMakeFiles/mouse_fw.dir/pico-sdk/src/rp2_common/hardware_irq/irq.c.obj
                0x100004f8                runtime_init_per_core_irq_priorities
 .text.irq_set_enabled
                0x1000051c       0x24 CMakeFiles/mouse_fw.dir/pico-sdk/src/rp2_common/hardware_irq/irq.c.obj
                0x1000051c                irq_set_enabled
 .text.irq_is_enabled
                0x10000540       0x18 CMakeFiles/mouse_fw.dir/pico-sdk/src/rp2_common/hardware_irq/irq.c.obj
                0x10000540                irq_is_enabled
 .text.irq_set_pending
                0x10000558       0x10 CMakeFiles/mouse_fw.dir/pico-sdk/src/rp2_common/hardware_irq/irq.c.obj
                0x10000558                irq_set_pending
 .text.irq_has_shared_handler
                0x10000568       0x24 CMakeFiles/mouse_fw.dir/pico-sdk/src/rp2_common/hardware_irq/irq.c.obj
                0x10000568                irq_has_shared_handler
 .text.irq_set_exclusive_handler
                0x1000058c       0x54 CMakeFiles/mouse_fw.dir/pico-sdk/src/rp2_common/hardware_irq/irq.c.obj
                0x1000058c                irq_set_exclusive_handler
 .text.irq_add_shared_handler
                0x100005e0      0x1e8 CMakeFiles/mouse_fw.dir/pico-sdk/src/rp2_common/hardware_irq/irq.c.obj
                0x100005e0                irq_add_shared_handler
 .text.irq_add_tail_to_free_list
                0x100007c8       0xb4 CMakeFiles/mouse_fw.dir/pico-sdk/src/rp2_common/hardware_irq/irq.c.obj
                0x100007c8                irq_add_tail_to_free_list
 .text.user_irq_claim_unused
                0x1000087c       0x28 CMakeFiles/mouse_fw.dir/pico-sdk/src/rp2_common/hardware_irq/irq.c.obj
                0x1000087c                user_irq_claim_unused
 .text.lock_init
                0x100008a4       0x10 CMakeFiles/mouse_fw.dir/pico-sdk/src/common/pico_sync/lock_core.c.obj
                0x100008a4                lock_init
 .text.runtime_init_mutex
                0x100008b4       0x58 CMakeFiles/mouse_fw.dir/pico-sdk/src/common/pico_sync/mutex.c.obj
                0x100008b4                runtime_init_mutex
 .text.mutex_init
                0x1000090c       0x1c CMakeFiles/mouse_fw.dir/pico-sdk/src/common/pico_sync/mutex.c.obj
                0x1000090c                mutex_init
 .text.critical_section_init
                0x10000928       0x20 CMakeFiles/mouse_fw.dir/pico-sdk/src/common/pico_sync/critical_section.c.obj
                0x10000928                critical_section_init
 .text.critical_section_init_with_lock_num
                0x10000948       0x14 CMakeFiles/mouse_fw.dir/pico-sdk/src/common/pico_sync/critical_section.c.obj
                0x10000948                critical_section_init_with_lock_num
 .text.sleep_until_callback
                0x1000095c       0x30 CMakeFiles/mouse_fw.dir/pico-sdk/src/common/pico_time/time.c.obj
 .text.alarm_pool_irq_handler
                0x1000098c      0x308 CMakeFiles/mouse_fw.dir/pico-sdk/src/common/pico_time/time.c.obj
 .text.runtime_init_default_alarm_pool
                0x10000c94       0xdc CMakeFiles/mouse_fw.dir/pico-sdk/src/common/pico_time/time.c.obj
                0x10000c94                runtime_init_default_alarm_pool
 .text.alarm_pool_get_default
                0x10000d70        0x8 CMakeFiles/mouse_fw.dir/pico-sdk/src/common/pico_time/time.c.obj
                0x10000d70                alarm_pool_get_default
 .text.alarm_pool_add_alarm_at
                0x10000d78       0xc8 CMakeFiles/mouse_fw.dir/pico-sdk/src/common/pico_time/time.c.obj
                0x10000d78                alarm_pool_add_alarm_at
 .text.alarm_pool_add_alarm_at_force_in_context
                0x10000e40       0xb0 CMakeFiles/mouse_fw.dir/pico-sdk/src/common/pico_time/time.c.obj
                0x10000e40                alarm_pool_add_alarm_at_force_in_context
 .text.alarm_pool_cancel_alarm
                0x10000ef0       0x7c CMakeFiles/mouse_fw.dir/pico-sdk/src/common/pico_time/time.c.obj
                0x10000ef0                alarm_pool_cancel_alarm
 .text.alarm_pool_core_num
                0x10000f6c        0x4 CMakeFiles/mouse_fw.dir/pico-sdk/src/common/pico_time/time.c.obj
                0x10000f6c                alarm_pool_core_num
 .text.sleep_until
                0x10000f70       0xd0 CMakeFiles/mouse_fw.dir/pico-sdk/src/common/pico_time/time.c.obj
                0x10000f70                sleep_until
 .text.sleep_ms
                0x10001040       0x34 CMakeFiles/mouse_fw.dir/pico-sdk/src/common/pico_time/time.c.obj
                0x10001040                sleep_ms
 .text.best_effort_wfe_or_timeout
                0x10001074       0xfc CMakeFiles/mouse_fw.dir/pico-sdk/src/common/pico_time/time.c.obj
                0x10001074                best_effort_wfe_or_timeout
 .text.timer_hardware_alarm_claim
                0x10001170       0x14 CMakeFiles/mouse_fw.dir/pico-sdk/src/rp2_common/hardware_timer/timer.c.obj
                0x10001170                timer_hardware_alarm_claim
 .text.timer_time_us_64
                0x10001184       0x10 CMakeFiles/mouse_fw.dir/pico-sdk/src/rp2_common/hardware_timer/timer.c.obj
                0x10001184                timer_time_us_64
 .text.time_us_64
                0x10001194       0x14 CMakeFiles/mouse_fw.dir/pico-sdk/src/rp2_common/hardware_timer/timer.c.obj
                0x10001194                time_us_64
 .text.busy_wait_us
                0x100011a8       0x54 CMakeFiles/mouse_fw.dir/pico-sdk/src/rp2_common/hardware_timer/timer.c.obj
                0x100011a8                busy_wait_us
 .text.busy_wait_until
                0x100011fc       0x20 CMakeFiles/mouse_fw.dir/pico-sdk/src/rp2_common/hardware_timer/timer.c.obj
                0x100011fc                busy_wait_until
 .text.clock_configure_int_divider
                0x1000121c       0xf4 CMakeFiles/mouse_fw.dir/pico-sdk/src/rp2_common/hardware_clocks/clocks.c.obj
                0x1000121c                clock_configure_int_divider
 .text.clock_configure_undivided
                0x10001310       0xe8 CMakeFiles/mouse_fw.dir/pico-sdk/src/rp2_common/hardware_clocks/clocks.c.obj
                0x10001310                clock_configure_undivided
 .text.clock_get_hz
                0x100013f8        0xc CMakeFiles/mouse_fw.dir/pico-sdk/src/rp2_common/hardware_clocks/clocks.c.obj
                0x100013f8                clock_get_hz
 .text.pll_init
                0x10001404       0xa0 CMakeFiles/mouse_fw.dir/pico-sdk/src/rp2_common/hardware_pll/pll.c.obj
                0x10001404                pll_init
 .text.watchdog_reboot
                0x100014a4       0x98 CMakeFiles/mouse_fw.dir/pico-sdk/src/rp2_common/hardware_watchdog/watchdog.c.obj
                0x100014a4                watchdog_reboot
 .text.tick_start
                0x1000153c       0x10 CMakeFiles/mouse_fw.dir/pico-sdk/src/rp2_common/hardware_ticks/ticks.c.obj
                0x1000153c                tick_start
 .text.rom_func_lookup
                0x1000154c       0x10 CMakeFiles/mouse_fw.dir/pico-sdk/src/rp2_common/pico_bootrom/bootrom.c.obj
                0x1000154c                rom_func_lookup
 .text.rom_data_lookup
                0x1000155c       0x10 CMakeFiles/mouse_fw.dir/pico-sdk/src/rp2_common/pico_bootrom/bootrom.c.obj
                0x1000155c                rom_data_lookup
 .text.rom_funcs_lookup
                0x1000156c       0x44 CMakeFiles/mouse_fw.dir/pico-sdk/src/rp2_common/pico_bootrom/bootrom.c.obj
                0x1000156c                rom_funcs_lookup
 .text.rom_reset_usb_boot_extra
                0x100015b0       0x28 CMakeFiles/mouse_fw.dir/pico-sdk/src/rp2_common/pico_bootrom/bootrom.c.obj
                0x100015b0                rom_reset_usb_boot_extra
 .text.xosc_init
                0x100015d8       0x28 CMakeFiles/mouse_fw.dir/pico-sdk/src/rp2_common/hardware_xosc/xosc.c.obj
                0x100015d8                xosc_init
 .text.first_per_core_initializer
                0x10001600        0x4 CMakeFiles/mouse_fw.dir/pico-sdk/src/rp2_common/pico_runtime/runtime.c.obj
 .text.hard_assertion_failure
                0x10001604        0xc CMakeFiles/mouse_fw.dir/pico-sdk/src/rp2_common/pico_runtime/runtime.c.obj
                0x10001604                hard_assertion_failure
 .text.runtime_run_initializers
                0x10001610       0x28 CMakeFiles/mouse_fw.dir/pico-sdk/src/rp2_common/pico_runtime/runtime.c.obj
                0x10001610                runtime_run_initializers
 .text.runtime_init_early_resets
                0x10001638       0x2c CMakeFiles/mouse_fw.dir/pico-sdk/src/rp2_common/pico_runtime_init/runtime_init.c.obj
                0x10001638                runtime_init_early_resets
 .text.runtime_init_usb_power_down
                0x10001664       0x1c CMakeFiles/mouse_fw.dir/pico-sdk/src/rp2_common/pico_runtime_init/runtime_init.c.obj
                0x10001664                runtime_init_usb_power_down
 .text.runtime_init_post_clock_resets
                0x10001680       0x20 CMakeFiles/mouse_fw.dir/pico-sdk/src/rp2_common/pico_runtime_init/runtime_init.c.obj
                0x10001680                runtime_init_post_clock_resets
 .text.runtime_init_rp2040_gpio_ie_disable
                0x100016a0       0x14 CMakeFiles/mouse_fw.dir/pico-sdk/src/rp2_common/pico_runtime_init/runtime_init.c.obj
                0x100016a0                runtime_init_rp2040_gpio_ie_disable
 .text.runtime_init_spin_locks_reset
                0x100016b4        0x8 CMakeFiles/mouse_fw.dir/pico-sdk/src/rp2_common/pico_runtime_init/runtime_init.c.obj
                0x100016b4                runtime_init_spin_locks_reset
 .text.runtime_init_install_ram_vector_table
                0x100016bc       0xcc CMakeFiles/mouse_fw.dir/pico-sdk/src/rp2_common/pico_runtime_init/runtime_init.c.obj
                0x100016bc                runtime_init_install_ram_vector_table
 .text.runtime_init_clocks
                0x10001788       0xd8 CMakeFiles/mouse_fw.dir/pico-sdk/src/rp2_common/pico_runtime_init/runtime_init_clocks.c.obj
                0x10001788                runtime_init_clocks
 .text          0x10001860       0x10 CMakeFiles/mouse_fw.dir/pico-sdk/src/rp2_common/pico_bit_ops/bit_ops_aeabi.S.obj
 .text.__wrap___aeabi_uidiv
                0x10001870       0x4c CMakeFiles/mouse_fw.dir/pico-sdk/src/rp2_common/pico_divider/divider_hardware.S.obj
                0x10001870                __wrap___aeabi_uidiv
                0x10001870                __wrap___aeabi_uidivmod
                0x10001870                div_u32u32
                0x10001870                divmod_u32u32
                0x10001878                divmod_u32u32_unsafe
                0x100018a0                divmod_u32u32_savestate
 .text.__aeabi_double_init
                0x100018bc       0xa0 CMakeFiles/mouse_fw.dir/pico-sdk/src/rp2_common/pico_double/double_init_rom_rp2040.c.obj
                0x100018bc                __aeabi_double_init
 .text.double_table_shim_on_use_helper
                0x1000195c       0x2c CMakeFiles/mouse_fw.dir/pico-sdk/src/rp2_common/pico_double/double_v1_rom_shim_rp2040.S.obj
                0x1000195c                double_table_shim_on_use_helper
 .text.__aeabi_lmul
                0x10001988       0x32 CMakeFiles/mouse_fw.dir/pico-sdk/src/rp2_common/pico_int64_ops/pico_int64_ops_aeabi.S.obj
                0x10001988                __wrap___aeabi_lmul
 *fill*         0x100019ba        0x2 
 .text.__aeabi_float_init
                0x100019bc       0x64 CMakeFiles/mouse_fw.dir/pico-sdk/src/rp2_common/pico_float/float_init_rom_rp2040.c.obj
                0x100019bc                __aeabi_float_init
 .text.float_table_shim_on_use_helper
                0x10001a20       0x2c CMakeFiles/mouse_fw.dir/pico-sdk/src/rp2_common/pico_float/float_v1_rom_shim_rp2040.S.obj
                0x10001a20                float_table_shim_on_use_helper
 .text          0x10001a4c       0x10 CMakeFiles/mouse_fw.dir/pico-sdk/src/rp2_common/pico_mem_ops/mem_ops_aeabi.S.obj
                0x10001a4c                __aeabi_mem_init
 .text.memset   0x10001a5c        0xc CMakeFiles/mouse_fw.dir/pico-sdk/src/rp2_common/pico_mem_ops/mem_ops_aeabi.S.obj
                0x10001a5c                __wrap_memset
 .text.memcpy   0x10001a68        0xc CMakeFiles/mouse_fw.dir/pico-sdk/src/rp2_common/pico_mem_ops/mem_ops_aeabi.S.obj
                0x10001a68                __wrap_memcpy
                0x10001a68                __wrap___aeabi_memcpy
 .text._out_char
                0x10001a74       0x10 CMakeFiles/mouse_fw.dir/pico-sdk/src/rp2_common/pico_printf/printf.c.obj
 .text.weak_raw_vprintf
                0x10001a84       0x30 CMakeFiles/mouse_fw.dir/pico-sdk/src/rp2_common/pico_printf/printf.c.obj
                0x10001a84                weak_raw_vprintf
 .text._exit    0x10001ab4        0x4 CMakeFiles/mouse_fw.dir/pico-sdk/src/rp2_common/pico_clib_interface/newlib_interface.c.obj
                0x10001ab4                _exit
 .text.exit     0x10001ab8        0x8 CMakeFiles/mouse_fw.dir/pico-sdk/src/rp2_common/pico_clib_interface/newlib_interface.c.obj
                0x10001ab8                exit
 .text.runtime_init
                0x10001ac0       0x2c CMakeFiles/mouse_fw.dir/pico-sdk/src/rp2_common/pico_clib_interface/newlib_interface.c.obj
                0x10001ac0                runtime_init
 .text.stdio_out_chars_no_crlf
                0x10001aec       0x10 CMakeFiles/mouse_fw.dir/pico-sdk/src/rp2_common/pico_stdio/stdio.c.obj
 .text.stdio_out_chars_crlf
                0x10001afc       0xb4 CMakeFiles/mouse_fw.dir/pico-sdk/src/rp2_common/pico_stdio/stdio.c.obj
 .text.stdio_put_string
                0x10001bb0      0x100 CMakeFiles/mouse_fw.dir/pico-sdk/src/rp2_common/pico_stdio/stdio.c.obj
                0x10001bb0                stdio_put_string
 .text.stdio_set_driver_enabled
                0x10001cb0       0x30 CMakeFiles/mouse_fw.dir/pico-sdk/src/rp2_common/pico_stdio/stdio.c.obj
                0x10001cb0                stdio_set_driver_enabled
 .text.stdio_init_all
                0x10001ce0        0x8 CMakeFiles/mouse_fw.dir/pico-sdk/src/rp2_common/pico_stdio/stdio.c.obj
                0x10001ce0                stdio_init_all
 .text.__wrap_putchar
                0x10001ce8       0x98 CMakeFiles/mouse_fw.dir/pico-sdk/src/rp2_common/pico_stdio/stdio.c.obj
                0x10001ce8                __wrap_putchar
                0x10001ce8                stdio_putchar
 .text.__wrap_puts
                0x10001d80       0x3c CMakeFiles/mouse_fw.dir/pico-sdk/src/rp2_common/pico_stdio/stdio.c.obj
                0x10001d80                stdio_puts
                0x10001d80                __wrap_puts
 .text.resetd_init
                0x10001dbc        0x4 CMakeFiles/mouse_fw.dir/pico-sdk/src/rp2_common/pico_stdio_usb/reset_interface.c.obj
 .text.resetd_reset
                0x10001dc0        0xc CMakeFiles/mouse_fw.dir/pico-sdk/src/rp2_common/pico_stdio_usb/reset_interface.c.obj
 .text.resetd_open
                0x10001dcc       0x28 CMakeFiles/mouse_fw.dir/pico-sdk/src/rp2_common/pico_stdio_usb/reset_interface.c.obj
 .text.resetd_xfer_cb
                0x10001df4        0x4 CMakeFiles/mouse_fw.dir/pico-sdk/src/rp2_common/pico_stdio_usb/reset_interface.c.obj
 .text.resetd_control_xfer_cb
                0x10001df8       0x60 CMakeFiles/mouse_fw.dir/pico-sdk/src/rp2_common/pico_stdio_usb/reset_interface.c.obj
 .text.tud_descriptor_bos_cb
                0x10001e58        0x8 CMakeFiles/mouse_fw.dir/pico-sdk/src/rp2_common/pico_stdio_usb/reset_interface.c.obj
                0x10001e58                tud_descriptor_bos_cb
 .text.tud_vendor_control_xfer_cb
                0x10001e60       0x34 CMakeFiles/mouse_fw.dir/pico-sdk/src/rp2_common/pico_stdio_usb/reset_interface.c.obj
                0x10001e60                tud_vendor_control_xfer_cb
 .text.usbd_app_driver_get_cb
                0x10001e94        0xc CMakeFiles/mouse_fw.dir/pico-sdk/src/rp2_common/pico_stdio_usb/reset_interface.c.obj
                0x10001e94                usbd_app_driver_get_cb
 .text.tud_cdc_line_coding_cb
                0x10001ea0       0x2c CMakeFiles/mouse_fw.dir/pico-sdk/src/rp2_common/pico_stdio_usb/reset_interface.c.obj
                0x10001ea0                tud_cdc_line_coding_cb
 .text.stdio_usb_set_chars_available_callback
                0x10001ecc       0x14 CMakeFiles/mouse_fw.dir/pico-sdk/src/rp2_common/pico_stdio_usb/stdio_usb.c.obj
                0x10001ecc                stdio_usb_set_chars_available_callback
 .text.usb_irq  0x10001ee0       0x10 CMakeFiles/mouse_fw.dir/pico-sdk/src/rp2_common/pico_stdio_usb/stdio_usb.c.obj
 .text.timer_task
                0x10001ef0       0x64 CMakeFiles/mouse_fw.dir/pico-sdk/src/rp2_common/pico_stdio_usb/stdio_usb.c.obj
 .text.stdio_usb_in_chars
                0x10001f54       0x90 CMakeFiles/mouse_fw.dir/pico-sdk/src/rp2_common/pico_stdio_usb/stdio_usb.c.obj
                0x10001f54                stdio_usb_in_chars
 .text.stdio_usb_out_flush
                0x10001fe4       0x50 CMakeFiles/mouse_fw.dir/pico-sdk/src/rp2_common/pico_stdio_usb/stdio_usb.c.obj
 .text.stdio_usb_out_chars
                0x10002034      0x100 CMakeFiles/mouse_fw.dir/pico-sdk/src/rp2_common/pico_stdio_usb/stdio_usb.c.obj
 .text.low_priority_worker_irq
                0x10002134       0xc8 CMakeFiles/mouse_fw.dir/pico-sdk/src/rp2_common/pico_stdio_usb/stdio_usb.c.obj
 .text.stdio_usb_init
                0x100021fc       0xe8 CMakeFiles/mouse_fw.dir/pico-sdk/src/rp2_common/pico_stdio_usb/stdio_usb.c.obj
                0x100021fc                stdio_usb_init
 .text.tud_descriptor_device_cb
                0x100022e4        0x8 CMakeFiles/mouse_fw.dir/pico-sdk/src/rp2_common/pico_stdio_usb/stdio_usb_descriptors.c.obj
                0x100022e4                tud_descriptor_device_cb
 .text.tud_descriptor_configuration_cb
                0x100022ec        0x8 CMakeFiles/mouse_fw.dir/pico-sdk/src/rp2_common/pico_stdio_usb/stdio_usb_descriptors.c.obj
                0x100022ec                tud_descriptor_configuration_cb
 .text.tud_descriptor_string_cb
                0x100022f4       0x74 CMakeFiles/mouse_fw.dir/pico-sdk/src/rp2_common/pico_stdio_usb/stdio_usb_descriptors.c.obj
                0x100022f4                tud_descriptor_string_cb
 .text.startup._retrieve_unique_id_on_boot
                0x10002368       0x10 CMakeFiles/mouse_fw.dir/pico-sdk/src/rp2_common/pico_unique_id/unique_id.c.obj
 .text.pico_get_unique_board_id_string
                0x10002378      0x1a8 CMakeFiles/mouse_fw.dir/pico-sdk/src/rp2_common/pico_unique_id/unique_id.c.obj
                0x10002378                pico_get_unique_board_id_string
 .text.flash_get_unique_id
                0x10002520       0x40 CMakeFiles/mouse_fw.dir/pico-sdk/src/rp2_common/hardware_flash/flash.c.obj
                0x10002520                flash_get_unique_id
 .text.dcd_init
                0x10002560       0x90 CMakeFiles/mouse_fw.dir/pico-sdk/lib/tinyusb/src/portable/raspberrypi/rp2040/dcd_rp2040.c.obj
                0x10002560                dcd_init
 .text.dcd_int_enable
                0x100025f0        0xc CMakeFiles/mouse_fw.dir/pico-sdk/lib/tinyusb/src/portable/raspberrypi/rp2040/dcd_rp2040.c.obj
                0x100025f0                dcd_int_enable
 .text.dcd_set_address
                0x100025fc       0x14 CMakeFiles/mouse_fw.dir/pico-sdk/lib/tinyusb/src/portable/raspberrypi/rp2040/dcd_rp2040.c.obj
                0x100025fc                dcd_set_address
 .text.dcd_sof_enable
                0x10002610       0x1c CMakeFiles/mouse_fw.dir/pico-sdk/lib/tinyusb/src/portable/raspberrypi/rp2040/dcd_rp2040.c.obj
                0x10002610                dcd_sof_enable
 .text.dcd_edpt0_status_complete
                0x1000262c       0x1c CMakeFiles/mouse_fw.dir/pico-sdk/lib/tinyusb/src/portable/raspberrypi/rp2040/dcd_rp2040.c.obj
                0x1000262c                dcd_edpt0_status_complete
 .text.dcd_edpt_open
                0x10002648      0x114 CMakeFiles/mouse_fw.dir/pico-sdk/lib/tinyusb/src/portable/raspberrypi/rp2040/dcd_rp2040.c.obj
                0x10002648                dcd_edpt_open
 .text.dcd_edpt_close_all
                0x1000275c        0x8 CMakeFiles/mouse_fw.dir/pico-sdk/lib/tinyusb/src/portable/raspberrypi/rp2040/dcd_rp2040.c.obj
                0x1000275c                dcd_edpt_close_all
 .text.dcd_edpt_xfer
                0x10002764       0x24 CMakeFiles/mouse_fw.dir/pico-sdk/lib/tinyusb/src/portable/raspberrypi/rp2040/dcd_rp2040.c.obj
                0x10002764                dcd_edpt_xfer
 .text.dcd_edpt_stall
                0x10002788       0x38 CMakeFiles/mouse_fw.dir/pico-sdk/lib/tinyusb/src/portable/raspberrypi/rp2040/dcd_rp2040.c.obj
                0x10002788                dcd_edpt_stall
 .text.dcd_edpt_clear_stall
                0x100027c0       0x30 CMakeFiles/mouse_fw.dir/pico-sdk/lib/tinyusb/src/portable/raspberrypi/rp2040/dcd_rp2040.c.obj
                0x100027c0                dcd_edpt_clear_stall
 .text.rp2040_usb_init
                0x100027f0       0x40 CMakeFiles/mouse_fw.dir/pico-sdk/lib/tinyusb/src/portable/raspberrypi/rp2040/rp2040_usb.c.obj
                0x100027f0                rp2040_usb_init
 .text.hw_endpoint_xfer_start
                0x10002830       0x50 CMakeFiles/mouse_fw.dir/pico-sdk/lib/tinyusb/src/portable/raspberrypi/rp2040/rp2040_usb.c.obj
                0x10002830                hw_endpoint_xfer_start
 .text.tud_event_hook_cb
                0x10002880        0x4 CMakeFiles/mouse_fw.dir/pico-sdk/lib/tinyusb/src/device/usbd.c.obj
                0x10002880                tud_event_hook_cb
 .text.tud_sof_cb
                0x10002884        0x4 CMakeFiles/mouse_fw.dir/pico-sdk/lib/tinyusb/src/device/usbd.c.obj
                0x10002884                tud_sof_cb
 .text.tud_descriptor_device_qualifier_cb
                0x10002888        0x4 CMakeFiles/mouse_fw.dir/pico-sdk/lib/tinyusb/src/device/usbd.c.obj
                0x10002888                tud_descriptor_device_qualifier_cb
 .text.tud_descriptor_other_speed_configuration_cb
                0x1000288c        0x4 CMakeFiles/mouse_fw.dir/pico-sdk/lib/tinyusb/src/device/usbd.c.obj
                0x1000288c                tud_descriptor_other_speed_configuration_cb
 .text.tud_mount_cb
                0x10002890        0x4 CMakeFiles/mouse_fw.dir/pico-sdk/lib/tinyusb/src/device/usbd.c.obj
                0x10002890                tud_mount_cb
 .text.tud_umount_cb
                0x10002894        0x4 CMakeFiles/mouse_fw.dir/pico-sdk/lib/tinyusb/src/device/usbd.c.obj
                0x10002894                tud_umount_cb
 .text.tud_suspend_cb
                0x10002898        0x4 CMakeFiles/mouse_fw.dir/pico-sdk/lib/tinyusb/src/device/usbd.c.obj
                0x10002898                tud_suspend_cb
 .text.tud_resume_cb
                0x1000289c        0x4 CMakeFiles/mouse_fw.dir/pico-sdk/lib/tinyusb/src/device/usbd.c.obj
                0x1000289c                tud_resume_cb
 .text.tud_mounted
                0x100028a0       0x10 CMakeFiles/mouse_fw.dir/pico-sdk/lib/tinyusb/src/device/usbd.c.obj
                0x100028a0                tud_mounted
 .text.tud_suspended
                0x100028b0       0x10 CMakeFiles/mouse_fw.dir/pico-sdk/lib/tinyusb/src/device/usbd.c.obj
                0x100028b0                tud_suspended
 .text.tud_rhport_init
                0x100028c0       0xf4 CMakeFiles/mouse_fw.dir/pico-sdk/lib/tinyusb/src/device/usbd.c.obj
                0x100028c0                tud_rhport_init
 .text.tud_task_ext
                0x100029b4      0x800 CMakeFiles/mouse_fw.dir/pico-sdk/lib/tinyusb/src/device/usbd.c.obj
                0x100029b4                tud_task_ext
 .text.usbd_open_edpt_pair
                0x100031b4       0x9c CMakeFiles/mouse_fw.dir/pico-sdk/lib/tinyusb/src/device/usbd.c.obj
                0x100031b4                usbd_open_edpt_pair
 .text.usbd_edpt_open
                0x10003250       0x34 CMakeFiles/mouse_fw.dir/pico-sdk/lib/tinyusb/src/device/usbd.c.obj
                0x10003250                usbd_edpt_open
 .text.usbd_edpt_claim
                0x10003284       0x28 CMakeFiles/mouse_fw.dir/pico-sdk/lib/tinyusb/src/device/usbd.c.obj
                0x10003284                usbd_edpt_claim
 .text.usbd_edpt_release
                0x100032ac       0x28 CMakeFiles/mouse_fw.dir/pico-sdk/lib/tinyusb/src/device/usbd.c.obj
                0x100032ac                usbd_edpt_release
 .text.usbd_edpt_xfer
                0x100032d4       0x4c CMakeFiles/mouse_fw.dir/pico-sdk/lib/tinyusb/src/device/usbd.c.obj
                0x100032d4                usbd_edpt_xfer
 .text.tud_control_status
                0x10003320       0x30 CMakeFiles/mouse_fw.dir/pico-sdk/lib/tinyusb/src/device/usbd_control.c.obj
                0x10003320                tud_control_status
 .text.tud_control_xfer
                0x10003350       0xbc CMakeFiles/mouse_fw.dir/pico-sdk/lib/tinyusb/src/device/usbd_control.c.obj
                0x10003350                tud_control_xfer
 .text.usbd_control_reset
                0x1000340c       0x14 CMakeFiles/mouse_fw.dir/pico-sdk/lib/tinyusb/src/device/usbd_control.c.obj
                0x1000340c                usbd_control_reset
 .text.usbd_control_set_complete_callback
                0x10003420        0xc CMakeFiles/mouse_fw.dir/pico-sdk/lib/tinyusb/src/device/usbd_control.c.obj
                0x10003420                usbd_control_set_complete_callback
 .text.usbd_control_set_request
                0x1000342c       0x1c CMakeFiles/mouse_fw.dir/pico-sdk/lib/tinyusb/src/device/usbd_control.c.obj
                0x1000342c                usbd_control_set_request
 .text.usbd_control_xfer_cb
                0x10003448       0xf0 CMakeFiles/mouse_fw.dir/pico-sdk/lib/tinyusb/src/device/usbd_control.c.obj
                0x10003448                usbd_control_xfer_cb
 .text._prep_out_transaction.isra.0
                0x10003538       0x6c CMakeFiles/mouse_fw.dir/pico-sdk/lib/tinyusb/src/class/cdc/cdc_device.c.obj
 .text.tud_cdc_n_connected
                0x100035a4       0x2c CMakeFiles/mouse_fw.dir/pico-sdk/lib/tinyusb/src/class/cdc/cdc_device.c.obj
                0x100035a4                tud_cdc_n_connected
 .text.tud_cdc_n_available
                0x100035d0       0x18 CMakeFiles/mouse_fw.dir/pico-sdk/lib/tinyusb/src/class/cdc/cdc_device.c.obj
                0x100035d0                tud_cdc_n_available
 .text.tud_cdc_n_read
                0x100035e8       0x94 CMakeFiles/mouse_fw.dir/pico-sdk/lib/tinyusb/src/class/cdc/cdc_device.c.obj
                0x100035e8                tud_cdc_n_read
 .text.tud_cdc_n_write_flush
                0x1000367c       0x78 CMakeFiles/mouse_fw.dir/pico-sdk/lib/tinyusb/src/class/cdc/cdc_device.c.obj
                0x1000367c                tud_cdc_n_write_flush
 .text.tud_cdc_n_write
                0x100036f4       0x44 CMakeFiles/mouse_fw.dir/pico-sdk/lib/tinyusb/src/class/cdc/cdc_device.c.obj
                0x100036f4                tud_cdc_n_write
 .text.tud_cdc_n_write_available
                0x10003738       0x18 CMakeFiles/mouse_fw.dir/pico-sdk/lib/tinyusb/src/class/cdc/cdc_device.c.obj
                0x10003738                tud_cdc_n_write_available
 .text.cdcd_init
                0x10003750       0x70 CMakeFiles/mouse_fw.dir/pico-sdk/lib/tinyusb/src/class/cdc/cdc_device.c.obj
                0x10003750                cdcd_init
 .text.cdcd_deinit
                0x100037c0       0x24 CMakeFiles/mouse_fw.dir/pico-sdk/lib/tinyusb/src/class/cdc/cdc_device.c.obj
                0x100037c0                cdcd_deinit
 .text.cdcd_reset
                0x100037e4       0x4c CMakeFiles/mouse_fw.dir/pico-sdk/lib/tinyusb/src/class/cdc/cdc_device.c.obj
                0x100037e4                cdcd_reset
 .text.cdcd_open
                0x10003830       0xa8 CMakeFiles/mouse_fw.dir/pico-sdk/lib/tinyusb/src/class/cdc/cdc_device.c.obj
                0x10003830                cdcd_open
 .text.cdcd_control_xfer_cb
                0x100038d8       0xe8 CMakeFiles/mouse_fw.dir/pico-sdk/lib/tinyusb/src/class/cdc/cdc_device.c.obj
                0x100038d8                cdcd_control_xfer_cb
 .text.cdcd_xfer_cb
                0x100039c0       0xfc CMakeFiles/mouse_fw.dir/pico-sdk/lib/tinyusb/src/class/cdc/cdc_device.c.obj
                0x100039c0                cdcd_xfer_cb
 .text.vendord_init
                0x10003abc       0x5c CMakeFiles/mouse_fw.dir/pico-sdk/lib/tinyusb/src/class/vendor/vendor_device.c.obj
                0x10003abc                vendord_init
 .text.vendord_deinit
                0x10003b18       0x1c CMakeFiles/mouse_fw.dir/pico-sdk/lib/tinyusb/src/class/vendor/vendor_device.c.obj
                0x10003b18                vendord_deinit
 .text.vendord_reset
                0x10003b34       0x28 CMakeFiles/mouse_fw.dir/pico-sdk/lib/tinyusb/src/class/vendor/vendor_device.c.obj
                0x10003b34                vendord_reset
 .text.vendord_open
                0x10003b5c      0x128 CMakeFiles/mouse_fw.dir/pico-sdk/lib/tinyusb/src/class/vendor/vendor_device.c.obj
                0x10003b5c                vendord_open
 .text.vendord_xfer_cb
                0x10003c84       0x9c CMakeFiles/mouse_fw.dir/pico-sdk/lib/tinyusb/src/class/vendor/vendor_device.c.obj
                0x10003c84                vendord_xfer_cb
 .text.tusb_rhport_init
                0x10003d20       0x48 CMakeFiles/mouse_fw.dir/pico-sdk/lib/tinyusb/src/tusb.c.obj
                0x10003d20                tusb_rhport_init
 .text.tu_edpt_claim
                0x10003d68       0x50 CMakeFiles/mouse_fw.dir/pico-sdk/lib/tinyusb/src/tusb.c.obj
                0x10003d68                tu_edpt_claim
 .text.tu_edpt_release
                0x10003db8       0x38 CMakeFiles/mouse_fw.dir/pico-sdk/lib/tinyusb/src/tusb.c.obj
                0x10003db8                tu_edpt_release
 .text.tu_edpt_validate
                0x10003df0       0x78 CMakeFiles/mouse_fw.dir/pico-sdk/lib/tinyusb/src/tusb.c.obj
                0x10003df0                tu_edpt_validate
 .text.tu_edpt_bind_driver
                0x10003e68       0x34 CMakeFiles/mouse_fw.dir/pico-sdk/lib/tinyusb/src/tusb.c.obj
                0x10003e68                tu_edpt_bind_driver
 .text.tu_edpt_stream_init
                0x10003e9c       0x6c CMakeFiles/mouse_fw.dir/pico-sdk/lib/tinyusb/src/tusb.c.obj
                0x10003e9c                tu_edpt_stream_init
 .text.tu_edpt_stream_deinit
                0x10003f08        0x4 CMakeFiles/mouse_fw.dir/pico-sdk/lib/tinyusb/src/tusb.c.obj
                0x10003f08                tu_edpt_stream_deinit
 .text.tu_edpt_stream_write_zlp_if_needed
                0x10003f0c       0x58 CMakeFiles/mouse_fw.dir/pico-sdk/lib/tinyusb/src/tusb.c.obj
                0x10003f0c                tu_edpt_stream_write_zlp_if_needed
 .text.tu_edpt_stream_write_xfer
                0x10003f64       0x64 CMakeFiles/mouse_fw.dir/pico-sdk/lib/tinyusb/src/tusb.c.obj
                0x10003f64                tu_edpt_stream_write_xfer
 .text.tu_edpt_stream_read_xfer
                0x10003fc8       0xdc CMakeFiles/mouse_fw.dir/pico-sdk/lib/tinyusb/src/tusb.c.obj
                0x10003fc8                tu_edpt_stream_read_xfer
 .text.tu_fifo_config
                0x100040a4       0x70 CMakeFiles/mouse_fw.dir/pico-sdk/lib/tinyusb/src/common/tusb_fifo.c.obj
                0x100040a4                tu_fifo_config
 .text.tu_fifo_count
                0x10004114       0x2c CMakeFiles/mouse_fw.dir/pico-sdk/lib/tinyusb/src/common/tusb_fifo.c.obj
                0x10004114                tu_fifo_count
 .text.tu_fifo_empty
                0x10004140       0x10 CMakeFiles/mouse_fw.dir/pico-sdk/lib/tinyusb/src/common/tusb_fifo.c.obj
                0x10004140                tu_fifo_empty
 .text.tu_fifo_remaining
                0x10004150       0x2c CMakeFiles/mouse_fw.dir/pico-sdk/lib/tinyusb/src/common/tusb_fifo.c.obj
                0x10004150                tu_fifo_remaining
 .text.tu_fifo_read
                0x1000417c       0xa0 CMakeFiles/mouse_fw.dir/pico-sdk/lib/tinyusb/src/common/tusb_fifo.c.obj
                0x1000417c                tu_fifo_read
 .text.tu_fifo_read_n
                0x1000421c       0xec CMakeFiles/mouse_fw.dir/pico-sdk/lib/tinyusb/src/common/tusb_fifo.c.obj
                0x1000421c                tu_fifo_read_n
 .text.tu_fifo_write
                0x10004308       0x88 CMakeFiles/mouse_fw.dir/pico-sdk/lib/tinyusb/src/common/tusb_fifo.c.obj
                0x10004308                tu_fifo_write
 .text.tu_fifo_write_n
                0x10004390      0x168 CMakeFiles/mouse_fw.dir/pico-sdk/lib/tinyusb/src/common/tusb_fifo.c.obj
                0x10004390                tu_fifo_write_n
 .text.tu_fifo_clear
                0x100044f8       0x40 CMakeFiles/mouse_fw.dir/pico-sdk/lib/tinyusb/src/common/tusb_fifo.c.obj
                0x100044f8                tu_fifo_clear
 .text.tu_fifo_set_overwritable
                0x10004538       0x48 CMakeFiles/mouse_fw.dir/pico-sdk/lib/tinyusb/src/common/tusb_fifo.c.obj
                0x10004538                tu_fifo_set_overwritable
 .text.hw_enumeration_fix_force_ls_j_done
                0x10004580       0x44 CMakeFiles/mouse_fw.dir/pico-sdk/src/rp2_common/pico_fix/rp2040_usb_device_enumeration/rp2040_usb_device_enumeration.c.obj
                0x10004580                hw_enumeration_fix_force_ls_j_done
 .text.hw_enumeration_fix_force_ls_j
                0x100045c4      0x104 CMakeFiles/mouse_fw.dir/pico-sdk/src/rp2_common/pico_fix/rp2040_usb_device_enumeration/rp2040_usb_device_enumeration.c.obj
 .text.hw_enumeration_fix_wait_se0_callback
                0x100046c8       0x24 CMakeFiles/mouse_fw.dir/pico-sdk/src/rp2_common/pico_fix/rp2040_usb_device_enumeration/rp2040_usb_device_enumeration.c.obj
                0x100046c8                hw_enumeration_fix_wait_se0_callback
 .text.rp2040_usb_device_enumeration_fix
                0x100046ec       0x64 CMakeFiles/mouse_fw.dir/pico-sdk/src/rp2_common/pico_fix/rp2040_usb_device_enumeration/rp2040_usb_device_enumeration.c.obj
                0x100046ec                rp2040_usb_device_enumeration_fix
 .text.strlen   0x10004750       0x5c g:/apps/gcc-arm-none-eabi/bin/../lib/gcc/arm-none-eabi/10.3.1/../../../../arm-none-eabi/lib/thumb/v6-m/nofp\libg.a(lib_a-strlen-stub.o)
                0x10004750                strlen
 *(.fini)
 .fini          0x100047ac        0x4 g:/apps/gcc-arm-none-eabi/bin/../lib/gcc/arm-none-eabi/10.3.1/thumb/v6-m/nofp/crti.o
                0x100047ac                _fini
 .fini.__stub   0x100047b0       0xc0 linker stubs
 *crtbegin.o(.ctors)
 *crtbegin?.o(.ctors)
 *(EXCLUDE_FILE(*crtend.o *crtend?.o) .ctors)
 *(SORT_BY_NAME(.ctors.*))
 *(.ctors)
 *crtbegin.o(.dtors)
 *crtbegin?.o(.dtors)
 *(EXCLUDE_FILE(*crtend.o *crtend?.o) .dtors)
 *(SORT_BY_NAME(.dtors.*))
 *(.dtors)
                0x10004870                . = ALIGN (0x4)
                0x10004870                PROVIDE (__preinit_array_start = .)
 *(SORT_BY_NAME(.preinit_array.*))
 .preinit_array.00100
                0x10004870        0x4 CMakeFiles/mouse_fw.dir/pico-sdk/src/rp2_common/pico_runtime_init/runtime_init.c.obj
                0x10004870                __pre_init_runtime_init_early_resets
 .preinit_array.00101
                0x10004874        0x4 CMakeFiles/mouse_fw.dir/pico-sdk/src/rp2_common/pico_runtime_init/runtime_init.c.obj
                0x10004874                __pre_init_runtime_init_usb_power_down
 .preinit_array.00275
                0x10004878        0x4 CMakeFiles/mouse_fw.dir/pico-sdk/src/rp2_common/pico_bit_ops/bit_ops_aeabi.S.obj
 .preinit_array.00300
                0x1000487c        0x4 CMakeFiles/mouse_fw.dir/pico-sdk/src/rp2_common/pico_mem_ops/mem_ops_aeabi.S.obj
 .preinit_array.00350
                0x10004880        0x4 CMakeFiles/mouse_fw.dir/pico-sdk/src/rp2_common/pico_double/double_aeabi_rp2040.S.obj
 .preinit_array.00350
                0x10004884        0x4 CMakeFiles/mouse_fw.dir/pico-sdk/src/rp2_common/pico_float/float_aeabi_rp2040.S.obj
 .preinit_array.00500
                0x10004888        0x4 CMakeFiles/mouse_fw.dir/pico-sdk/src/rp2_common/pico_runtime_init/runtime_init.c.obj
                0x10004888                __pre_init_runtime_init_clocks
 .preinit_array.00600
                0x1000488c        0x4 CMakeFiles/mouse_fw.dir/pico-sdk/src/rp2_common/pico_runtime_init/runtime_init.c.obj
                0x1000488c                __pre_init_runtime_init_post_clock_resets
 .preinit_array.00700
                0x10004890        0x4 CMakeFiles/mouse_fw.dir/pico-sdk/src/rp2_common/pico_runtime_init/runtime_init.c.obj
                0x10004890                __pre_init_runtime_init_rp2040_gpio_ie_disable
 .preinit_array.01000
                0x10004894        0x4 CMakeFiles/mouse_fw.dir/pico-sdk/src/rp2_common/pico_runtime_init/runtime_init.c.obj
                0x10004894                __pre_init_runtime_init_spin_locks_reset
 .preinit_array.01100
                0x10004898        0x4 CMakeFiles/mouse_fw.dir/pico-sdk/src/common/pico_sync/mutex.c.obj
                0x10004898                __pre_init_runtime_init_mutex
 .preinit_array.10080
                0x1000489c        0x4 CMakeFiles/mouse_fw.dir/pico-sdk/src/rp2_common/pico_runtime_init/runtime_init.c.obj
                0x1000489c                __pre_init_runtime_init_install_ram_vector_table
 .preinit_array.11000
                0x100048a0        0x4 CMakeFiles/mouse_fw.dir/pico-sdk/src/common/pico_time/time.c.obj
                0x100048a0                __pre_init_runtime_init_default_alarm_pool
 .preinit_array.YYYYY
                0x100048a4        0x4 CMakeFiles/mouse_fw.dir/pico-sdk/src/rp2_common/pico_runtime/runtime.c.obj
                0x100048a4                __pre_init_first_per_core_initializer
 .preinit_array.ZZZZZ.01200
                0x100048a8        0x4 CMakeFiles/mouse_fw.dir/pico-sdk/src/rp2_common/hardware_irq/irq.c.obj
                0x100048a8                __pre_init_runtime_init_per_core_irq_priorities
 *(.preinit_array)
                0x100048ac                PROVIDE (__preinit_array_end = .)
                0x100048ac                . = ALIGN (0x4)
                0x100048ac                PROVIDE (__init_array_start = .)
 *(SORT_BY_NAME(.init_array.*))
 .init_array.01000
                0x100048ac        0x4 CMakeFiles/mouse_fw.dir/pico-sdk/src/rp2_common/pico_unique_id/unique_id.c.obj
 *(.init_array)
 .init_array    0x100048b0        0x4 g:/apps/gcc-arm-none-eabi/bin/../lib/gcc/arm-none-eabi/10.3.1/thumb/v6-m/nofp/crtbegin.o
                0x100048b4                PROVIDE (__init_array_end = .)
                0x100048b4                . = ALIGN (0x4)
                [!provide]                PROVIDE (__fini_array_start = .)
 *(SORT_BY_NAME(.fini_array.*))
 *(.fini_array)
                [!provide]                PROVIDE (__fini_array_end = .)
 *(.eh_frame*)
 .eh_frame      0x100048b4        0x0 g:/apps/gcc-arm-none-eabi/bin/../lib/gcc/arm-none-eabi/10.3.1/thumb/v6-m/nofp/crtbegin.o
                0x100048b4                . = ALIGN (0x4)

.glue_7         0x100048b4        0x0
 .glue_7        0x100048b4        0x0 linker stubs

.glue_7t        0x100048b4        0x0
 .glue_7t       0x100048b4        0x0 linker stubs

.vfp11_veneer   0x100048b4        0x0
 .vfp11_veneer  0x100048b4        0x0 linker stubs

.v4_bx          0x100048b4        0x0
 .v4_bx         0x100048b4        0x0 linker stubs

.iplt           0x100048b4        0x0
 .iplt          0x100048b4        0x0 g:/apps/gcc-arm-none-eabi/bin/../lib/gcc/arm-none-eabi/10.3.1/thumb/v6-m/nofp/crtbegin.o

.rodata         0x100048b4      0x42c
 *(EXCLUDE_FILE(*libm.a: *libc.a:*lib_a-mem*.o *libgcc.a:) .rodata*)
 .rodata.main.str1.4
                0x100048b4       0x19 CMakeFiles/mouse_fw.dir/src/main.c.obj
 *fill*         0x100048cd        0x3 
 .rodata.panic.str1.4
                0x100048d0       0x12 CMakeFiles/mouse_fw.dir/pico-sdk/src/rp2_common/pico_platform_panic/panic.c.obj
 *fill*         0x100048e2        0x2 
 .rodata.spin_lock_claim_unused.str1.4
                0x100048e4       0x1b CMakeFiles/mouse_fw.dir/pico-sdk/src/rp2_common/hardware_sync/sync.c.obj
 *fill*         0x100048ff        0x1 
 .rodata.user_irq_claim_unused.str1.4
                0x10004900       0x1b CMakeFiles/mouse_fw.dir/pico-sdk/src/rp2_common/hardware_irq/irq.c.obj
 *fill*         0x1000491b        0x1 
 .rodata.timer_hardware_alarm_claim.str1.4
                0x1000491c       0x22 CMakeFiles/mouse_fw.dir/pico-sdk/src/rp2_common/hardware_timer/timer.c.obj
 *fill*         0x1000493e        0x2 
 .rodata.hard_assertion_failure.str1.4
                0x10004940        0xc CMakeFiles/mouse_fw.dir/pico-sdk/src/rp2_common/pico_runtime/runtime.c.obj
 .rodata.str1.4
                0x1000494c       0x40 CMakeFiles/mouse_fw.dir/pico-sdk/src/rp2_common/pico_standard_binary_info/standard_binary_info.c.obj
 .rodata.__bi_26
                0x1000498c        0xc CMakeFiles/mouse_fw.dir/pico-sdk/src/rp2_common/pico_standard_binary_info/standard_binary_info.c.obj
 .rodata.__bi_34
                0x10004998        0xc CMakeFiles/mouse_fw.dir/pico-sdk/src/rp2_common/pico_standard_binary_info/standard_binary_info.c.obj
 .rodata.__bi_42
                0x100049a4        0xc CMakeFiles/mouse_fw.dir/pico-sdk/src/rp2_common/pico_standard_binary_info/standard_binary_info.c.obj
 .rodata.__bi_48
                0x100049b0        0xc CMakeFiles/mouse_fw.dir/pico-sdk/src/rp2_common/pico_standard_binary_info/standard_binary_info.c.obj
 .rodata.__bi_54
                0x100049bc        0xc CMakeFiles/mouse_fw.dir/pico-sdk/src/rp2_common/pico_standard_binary_info/standard_binary_info.c.obj
 .rodata.__bi_78
                0x100049c8        0xc CMakeFiles/mouse_fw.dir/pico-sdk/src/rp2_common/pico_standard_binary_info/standard_binary_info.c.obj
 .rodata.__bi_84
                0x100049d4        0xc CMakeFiles/mouse_fw.dir/pico-sdk/src/rp2_common/pico_standard_binary_info/standard_binary_info.c.obj
 .rodata.crlf_str.0
                0x100049e0        0x2 CMakeFiles/mouse_fw.dir/pico-sdk/src/rp2_common/pico_stdio/stdio.c.obj
 *fill*         0x100049e2        0x2 
 .rodata._resetd_driver
                0x100049e4       0x20 CMakeFiles/mouse_fw.dir/pico-sdk/src/rp2_common/pico_stdio_usb/reset_interface.c.obj
 .rodata.desc_bos
                0x10004a04       0x21 CMakeFiles/mouse_fw.dir/pico-sdk/src/rp2_common/pico_stdio_usb/reset_interface.c.obj
                0x10004a04                desc_bos
 *fill*         0x10004a25        0x3 
 .rodata.desc_ms_os_20
                0x10004a28       0xa6 CMakeFiles/mouse_fw.dir/pico-sdk/src/rp2_common/pico_stdio_usb/reset_interface.c.obj
 *fill*         0x10004ace        0x2 
 .rodata.str1.4
                0x10004ad0       0x13 CMakeFiles/mouse_fw.dir/pico-sdk/src/rp2_common/pico_stdio_usb/stdio_usb.c.obj
 *fill*         0x10004ae3        0x1 
 .rodata.__bi_202.0
                0x10004ae4        0xc CMakeFiles/mouse_fw.dir/pico-sdk/src/rp2_common/pico_stdio_usb/stdio_usb.c.obj
 .rodata.str1.4
                0x10004af0       0x2a CMakeFiles/mouse_fw.dir/pico-sdk/src/rp2_common/pico_stdio_usb/stdio_usb_descriptors.c.obj
 *fill*         0x10004b1a        0x2 
 .rodata.usbd_desc_cfg
                0x10004b1c       0x54 CMakeFiles/mouse_fw.dir/pico-sdk/src/rp2_common/pico_stdio_usb/stdio_usb_descriptors.c.obj
 .rodata.usbd_desc_device
                0x10004b70       0x12 CMakeFiles/mouse_fw.dir/pico-sdk/src/rp2_common/pico_stdio_usb/stdio_usb_descriptors.c.obj
 *fill*         0x10004b82        0x2 
 .rodata.usbd_desc_str
                0x10004b84       0x18 CMakeFiles/mouse_fw.dir/pico-sdk/src/rp2_common/pico_stdio_usb/stdio_usb_descriptors.c.obj
 .rodata.str1.4
                0x10004b9c       0x14 CMakeFiles/mouse_fw.dir/pico-sdk/lib/tinyusb/src/portable/raspberrypi/rp2040/dcd_rp2040.c.obj
 .rodata.str1.4
                0x10004bb0       0x48 CMakeFiles/mouse_fw.dir/pico-sdk/lib/tinyusb/src/portable/raspberrypi/rp2040/rp2040_usb.c.obj
 .rodata.tud_task_ext
                0x10004bf8       0x8c CMakeFiles/mouse_fw.dir/pico-sdk/lib/tinyusb/src/device/usbd.c.obj
 .rodata        0x10004c84       0x1c CMakeFiles/mouse_fw.dir/pico-sdk/lib/tinyusb/src/device/usbd.c.obj
 .rodata._usbd_driver
                0x10004ca0       0x40 CMakeFiles/mouse_fw.dir/pico-sdk/lib/tinyusb/src/device/usbd.c.obj
                0x10004ce0                . = ALIGN (0x4)
 *(SORT_BY_ALIGNMENT(SORT_BY_NAME(.flashdata*)))
                0x10004ce0                . = ALIGN (0x4)

.ARM.extab
 *(.ARM.extab* .gnu.linkonce.armextab.*)
                0x10004ce0                __exidx_start = .

.ARM.exidx
 *(.ARM.exidx* .gnu.linkonce.armexidx.*)
                0x10004ce0                __exidx_end = .
                0x10004ce0                . = ALIGN (0x4)
                0x10004ce0                __binary_info_start = .

.binary_info    0x10004ce0       0x20
 *(.binary_info.keep.*)
 .binary_info.keep.__bi_ptr26
                0x10004ce0        0x4 CMakeFiles/mouse_fw.dir/pico-sdk/src/rp2_common/pico_standard_binary_info/standard_binary_info.c.obj
 .binary_info.keep.__bi_ptr34
                0x10004ce4        0x4 CMakeFiles/mouse_fw.dir/pico-sdk/src/rp2_common/pico_standard_binary_info/standard_binary_info.c.obj
 .binary_info.keep.__bi_ptr42
                0x10004ce8        0x4 CMakeFiles/mouse_fw.dir/pico-sdk/src/rp2_common/pico_standard_binary_info/standard_binary_info.c.obj
 .binary_info.keep.__bi_ptr48
                0x10004cec        0x4 CMakeFiles/mouse_fw.dir/pico-sdk/src/rp2_common/pico_standard_binary_info/standard_binary_info.c.obj
 .binary_info.keep.__bi_ptr54
                0x10004cf0        0x4 CMakeFiles/mouse_fw.dir/pico-sdk/src/rp2_common/pico_standard_binary_info/standard_binary_info.c.obj
 .binary_info.keep.__bi_ptr78
                0x10004cf4        0x4 CMakeFiles/mouse_fw.dir/pico-sdk/src/rp2_common/pico_standard_binary_info/standard_binary_info.c.obj
 .binary_info.keep.__bi_ptr84
                0x10004cf8        0x4 CMakeFiles/mouse_fw.dir/pico-sdk/src/rp2_common/pico_standard_binary_info/standard_binary_info.c.obj
 *(.binary_info.*)
 .binary_info.__bi_ptr202
                0x10004cfc        0x4 CMakeFiles/mouse_fw.dir/pico-sdk/src/rp2_common/pico_stdio_usb/stdio_usb.c.obj
                0x10004d00                __binary_info_end = .
                0x10004d00                . = ALIGN (0x4)

.ram_vector_table
                0x20000000       0xc0
 *(.ram_vector_table)
 .ram_vector_table
                0x20000000       0xc0 CMakeFiles/mouse_fw.dir/pico-sdk/src/rp2_common/pico_runtime_init/runtime_init.c.obj
                0x20000000                ram_vector_table

.uninitialized_data
                0x200000c0        0x0
                0x200000c0                . = ALIGN (0x4)
 *(.uninitialized_data*)

.data           0x200000c0     0x1050 load address 0x10004d00
                0x200000c0                __data_start__ = .
 *(vtable)
 *(.time_critical*)
 .time_critical.mutex_try_enter
                0x200000c0       0x44 CMakeFiles/mouse_fw.dir/pico-sdk/src/common/pico_sync/mutex.c.obj
                0x200000c0                mutex_try_enter
 .time_critical.mutex_try_enter_block_until
                0x20000104       0x9c CMakeFiles/mouse_fw.dir/pico-sdk/src/common/pico_sync/mutex.c.obj
                0x20000104                mutex_try_enter_block_until
 .time_critical.mutex_enter_timeout_ms
                0x200001a0       0x90 CMakeFiles/mouse_fw.dir/pico-sdk/src/common/pico_sync/mutex.c.obj
                0x200001a0                mutex_enter_timeout_ms
 .time_critical.mutex_exit
                0x20000230       0x28 CMakeFiles/mouse_fw.dir/pico-sdk/src/common/pico_sync/mutex.c.obj
                0x20000230                mutex_exit
 .time_critical.flash_init_boot2_copyout
                0x20000258       0x30 CMakeFiles/mouse_fw.dir/pico-sdk/src/rp2_common/hardware_flash/flash.c.obj
 .time_critical.flash_enable_xip_via_boot2
                0x20000288       0x10 CMakeFiles/mouse_fw.dir/pico-sdk/src/rp2_common/hardware_flash/flash.c.obj
 .time_critical.flash_save_hardware_state
                0x20000298       0x28 CMakeFiles/mouse_fw.dir/pico-sdk/src/rp2_common/hardware_flash/flash.c.obj
 .time_critical.flash_restore_hardware_state
                0x200002c0       0x28 CMakeFiles/mouse_fw.dir/pico-sdk/src/rp2_common/hardware_flash/flash.c.obj
 .time_critical.flash_cs_force
                0x200002e8       0x38 CMakeFiles/mouse_fw.dir/pico-sdk/src/rp2_common/hardware_flash/flash.c.obj
 .time_critical.flash_do_cmd
                0x20000320       0xd4 CMakeFiles/mouse_fw.dir/pico-sdk/src/rp2_common/hardware_flash/flash.c.obj
                0x20000320                flash_do_cmd
 .time_critical.reset_non_control_endpoints
                0x200003f4       0xbc CMakeFiles/mouse_fw.dir/pico-sdk/lib/tinyusb/src/portable/raspberrypi/rp2040/dcd_rp2040.c.obj
 .time_critical.hw_handle_buff_status
                0x200004b0       0x98 CMakeFiles/mouse_fw.dir/pico-sdk/lib/tinyusb/src/portable/raspberrypi/rp2040/dcd_rp2040.c.obj
 .time_critical.dcd_rp2040_irq
                0x20000548      0x53c CMakeFiles/mouse_fw.dir/pico-sdk/lib/tinyusb/src/portable/raspberrypi/rp2040/dcd_rp2040.c.obj
 .time_critical.prepare_ep_buffer
                0x20000a84       0xf4 CMakeFiles/mouse_fw.dir/pico-sdk/lib/tinyusb/src/portable/raspberrypi/rp2040/rp2040_usb.c.obj
 .time_critical.sync_ep_buffer
                0x20000b78       0xb4 CMakeFiles/mouse_fw.dir/pico-sdk/lib/tinyusb/src/portable/raspberrypi/rp2040/rp2040_usb.c.obj
 .time_critical._hw_endpoint_xfer_sync
                0x20000c2c       0x28 CMakeFiles/mouse_fw.dir/pico-sdk/lib/tinyusb/src/portable/raspberrypi/rp2040/rp2040_usb.c.obj
 .time_critical.e15_is_bulkin_ep
                0x20000c54       0x28 CMakeFiles/mouse_fw.dir/pico-sdk/lib/tinyusb/src/portable/raspberrypi/rp2040/rp2040_usb.c.obj
 .time_critical.e15_is_critical_frame_period
                0x20000c7c       0x34 CMakeFiles/mouse_fw.dir/pico-sdk/lib/tinyusb/src/portable/raspberrypi/rp2040/rp2040_usb.c.obj
 .time_critical.hw_endpoint_reset_transfer
                0x20000cb0        0xc CMakeFiles/mouse_fw.dir/pico-sdk/lib/tinyusb/src/portable/raspberrypi/rp2040/rp2040_usb.c.obj
                0x20000cb0                hw_endpoint_reset_transfer
 .time_critical._hw_endpoint_buffer_control_update32
                0x20000cbc       0x50 CMakeFiles/mouse_fw.dir/pico-sdk/lib/tinyusb/src/portable/raspberrypi/rp2040/rp2040_usb.c.obj
                0x20000cbc                _hw_endpoint_buffer_control_update32
 .time_critical.hw_endpoint_start_next_buffer
                0x20000d0c       0x6c CMakeFiles/mouse_fw.dir/pico-sdk/lib/tinyusb/src/portable/raspberrypi/rp2040/rp2040_usb.c.obj
                0x20000d0c                hw_endpoint_start_next_buffer
 .time_critical.hw_endpoint_xfer_continue
                0x20000d78       0x40 CMakeFiles/mouse_fw.dir/pico-sdk/lib/tinyusb/src/portable/raspberrypi/rp2040/rp2040_usb.c.obj
                0x20000d78                hw_endpoint_xfer_continue
 .time_critical.tinyusb
                0x20000db8      0x1f0 CMakeFiles/mouse_fw.dir/pico-sdk/lib/tinyusb/src/device/usbd.c.obj
                0x20000db8                dcd_event_handler
 *(.text*)
 .text          0x20000fa8        0x4 g:/apps/gcc-arm-none-eabi/bin/../lib/gcc/arm-none-eabi/10.3.1/thumb/v6-m/nofp\libgcc.a(_dvmd_tls.o)
                0x20000fa8                __aeabi_idiv0
                0x20000fa8                __aeabi_ldiv0
 *fill*         0x20000fac        0x4 
 .text.__stub   0x20000fb0       0x90 linker stubs
                0x20001040                . = ALIGN (0x4)
 *(.rodata*)
                0x20001040                . = ALIGN (0x4)
 *(.data*)
 .data.striped_spin_lock_num
                0x20001040        0x1 CMakeFiles/mouse_fw.dir/pico-sdk/src/rp2_common/hardware_sync/sync.c.obj
 *fill*         0x20001041        0x3 
 .data          0x20001044       0x48 CMakeFiles/mouse_fw.dir/pico-sdk/src/rp2_common/hardware_irq/irq_handler_chain.S.obj
                0x20001044                irq_handler_chain_slots
                0x20001074                irq_handler_chain_first_slot
                0x2000107e                irq_handler_chain_remove_tail
 .data.default_alarm_pool
                0x2000108c       0x18 CMakeFiles/mouse_fw.dir/pico-sdk/src/common/pico_time/time.c.obj
 *fill*         0x200010a4        0xc 
 .data.aeabi_bits_funcs
                0x200010b0       0x10 CMakeFiles/mouse_fw.dir/pico-sdk/src/rp2_common/pico_bit_ops/bit_ops_aeabi.S.obj
                0x200010b0                aeabi_bits_funcs
                0x200010c0                aeabi_bits_funcs_end
 .data.aeabi_mem_funcs
                0x200010c0       0x10 CMakeFiles/mouse_fw.dir/pico-sdk/src/rp2_common/pico_mem_ops/mem_ops_aeabi.S.obj
                0x200010c0                aeabi_mem_funcs
                0x200010d0                aeabi_mem_funcs_end
 .data.stdio_usb
                0x200010d0       0x18 CMakeFiles/mouse_fw.dir/pico-sdk/src/rp2_common/pico_stdio_usb/stdio_usb.c.obj
                0x200010d0                stdio_usb
 .data._usbd_qdef
                0x200010e8       0x1c CMakeFiles/mouse_fw.dir/pico-sdk/lib/tinyusb/src/device/usbd.c.obj
                0x200010e8                _usbd_qdef
 .data._usbd_rhport
                0x20001104        0x1 CMakeFiles/mouse_fw.dir/pico-sdk/lib/tinyusb/src/device/usbd.c.obj
                0x20001108                . = ALIGN (0x4)
 *fill*         0x20001105        0x3 
 *(.after_data.*)
                0x20001108                . = ALIGN (0x4)
                0x20001108                PROVIDE (__mutex_array_start = .)
 *(SORT_BY_NAME(.mutex_array.*))
 *(.mutex_array)
 .mutex_array   0x20001108        0x8 CMakeFiles/mouse_fw.dir/pico-sdk/src/rp2_common/pico_stdio/stdio.c.obj
                0x20001110                PROVIDE (__mutex_array_end = .)
                0x20001110                . = ALIGN (0x4)
 *(.jcr)
                0x20001110                . = ALIGN (0x4)

.igot.plt       0x20001110        0x0 load address 0x10005d50
 .igot.plt      0x20001110        0x0 g:/apps/gcc-arm-none-eabi/bin/../lib/gcc/arm-none-eabi/10.3.1/thumb/v6-m/nofp/crtbegin.o

.tdata          0x20001110        0x0 load address 0x10005d50
                0x20001110                . = ALIGN (0x4)
 *(.tdata .tdata.* .gnu.linkonce.td.*)
                0x20001110                __tdata_end = .
                0x20001110                PROVIDE (__data_end__ = .)
                0x10004d00                __etext = LOADADDR (.data)

.tbss           0x20001110        0x0 load address 0x10005d50
                0x20001110                . = ALIGN (0x4)
                0x20001110                __bss_start__ = .
                0x20001110                __tls_base = .
 *(.tbss .tbss.* .gnu.linkonce.tb.*)
 *(.tcommon)
                0x20001110                __tls_end = .

.bss            0x20001110      0xf08 load address 0x10005d50
                0x20001110                . = ALIGN (0x4)
                0x20001110                __tbss_end = .
 *(SORT_BY_ALIGNMENT(SORT_BY_NAME(.bss*)))
 .bss.default_alarm_pool_entries
                0x20001110      0x180 CMakeFiles/mouse_fw.dir/pico-sdk/src/common/pico_time/time.c.obj
 .bss.last_avail_time.1
                0x20001290        0x8 CMakeFiles/mouse_fw.dir/pico-sdk/src/rp2_common/pico_stdio_usb/stdio_usb.c.obj
 .bss.sd_table  0x20001298      0x100 CMakeFiles/mouse_fw.dir/pico-sdk/src/rp2_common/pico_double/double_init_rom_rp2040.c.obj
                0x20001298                sd_table
 .bss.sf_table  0x20001398      0x100 CMakeFiles/mouse_fw.dir/pico-sdk/src/rp2_common/pico_float/float_init_rom_rp2040.c.obj
                0x20001398                sf_table
 .bss           0x20001498       0x1c g:/apps/gcc-arm-none-eabi/bin/../lib/gcc/arm-none-eabi/10.3.1/thumb/v6-m/nofp/crtbegin.o
 .bss._app_driver
                0x200014b4        0x4 CMakeFiles/mouse_fw.dir/pico-sdk/lib/tinyusb/src/device/usbd.c.obj
 .bss._cdcd_epbuf
                0x200014b8       0x80 CMakeFiles/mouse_fw.dir/pico-sdk/lib/tinyusb/src/class/cdc/cdc_device.c.obj
 .bss._cdcd_fifo_cfg
                0x20001538        0x1 CMakeFiles/mouse_fw.dir/pico-sdk/lib/tinyusb/src/class/cdc/cdc_device.c.obj
 *fill*         0x20001539        0x3 
 .bss._cdcd_itf
                0x2000153c       0xc8 CMakeFiles/mouse_fw.dir/pico-sdk/lib/tinyusb/src/class/cdc/cdc_device.c.obj
 .bss._ctrl_epbuf
                0x20001604       0x40 CMakeFiles/mouse_fw.dir/pico-sdk/lib/tinyusb/src/device/usbd_control.c.obj
 .bss._ctrl_xfer
                0x20001644       0x14 CMakeFiles/mouse_fw.dir/pico-sdk/lib/tinyusb/src/device/usbd_control.c.obj
 .bss._tusb_rhport_role
                0x20001658        0x2 CMakeFiles/mouse_fw.dir/pico-sdk/lib/tinyusb/src/tusb.c.obj
                0x20001658                _tusb_rhport_role
 *fill*         0x2000165a        0x2 
 .bss._ubsd_mutexdef
                0x2000165c        0x8 CMakeFiles/mouse_fw.dir/pico-sdk/lib/tinyusb/src/device/usbd.c.obj
 .bss._usbd_dev
                0x20001664       0x54 CMakeFiles/mouse_fw.dir/pico-sdk/lib/tinyusb/src/device/usbd.c.obj
 .bss._usbd_mutex
                0x200016b8        0x4 CMakeFiles/mouse_fw.dir/pico-sdk/lib/tinyusb/src/device/usbd.c.obj
 .bss._usbd_q   0x200016bc        0x4 CMakeFiles/mouse_fw.dir/pico-sdk/lib/tinyusb/src/device/usbd.c.obj
 .bss._usbd_qdef_buf
                0x200016c0       0xc0 CMakeFiles/mouse_fw.dir/pico-sdk/lib/tinyusb/src/device/usbd.c.obj
                0x200016c0                _usbd_qdef_buf
 .bss._vendord_epbuf
                0x20001780       0x80 CMakeFiles/mouse_fw.dir/pico-sdk/lib/tinyusb/src/class/vendor/vendor_device.c.obj
 .bss._vendord_itf
                0x20001800      0x24c CMakeFiles/mouse_fw.dir/pico-sdk/lib/tinyusb/src/class/vendor/vendor_device.c.obj
 .bss.boot2_copyout
                0x20001a4c      0x100 CMakeFiles/mouse_fw.dir/pico-sdk/src/rp2_common/hardware_flash/flash.c.obj
 .bss.chars_available_callback
                0x20001b4c        0x4 CMakeFiles/mouse_fw.dir/pico-sdk/src/rp2_common/pico_stdio_usb/stdio_usb.c.obj
 .bss.chars_available_param
                0x20001b50        0x4 CMakeFiles/mouse_fw.dir/pico-sdk/src/rp2_common/pico_stdio_usb/stdio_usb.c.obj
 .bss.claimed   0x20001b54        0x4 CMakeFiles/mouse_fw.dir/pico-sdk/src/rp2_common/hardware_sync/sync.c.obj
 .bss.claimed   0x20001b58        0x1 CMakeFiles/mouse_fw.dir/pico-sdk/src/rp2_common/hardware_timer/timer.c.obj
 *fill*         0x20001b59        0x3 
 .bss.configured_freq
                0x20001b5c       0x28 CMakeFiles/mouse_fw.dir/pico-sdk/src/rp2_common/hardware_clocks/clocks.c.obj
 .bss.desc_str.0
                0x20001b84       0x28 CMakeFiles/mouse_fw.dir/pico-sdk/src/rp2_common/pico_stdio_usb/stdio_usb_descriptors.c.obj
 .bss.drivers   0x20001bac        0x4 CMakeFiles/mouse_fw.dir/pico-sdk/src/rp2_common/pico_stdio/stdio.c.obj
 .bss.e15_last_sof
                0x20001bb0        0x4 CMakeFiles/mouse_fw.dir/pico-sdk/lib/tinyusb/src/portable/raspberrypi/rp2040/rp2040_usb.c.obj
                0x20001bb0                e15_last_sof
 .bss.filter    0x20001bb4        0x4 CMakeFiles/mouse_fw.dir/pico-sdk/src/rp2_common/pico_stdio/stdio.c.obj
 .bss.gpio_ctrl_prev
                0x20001bb8        0x4 CMakeFiles/mouse_fw.dir/pico-sdk/src/rp2_common/pico_fix/rp2040_usb_device_enumeration/rp2040_usb_device_enumeration.c.obj
 .bss.hw_endpoints
                0x20001bbc      0x400 CMakeFiles/mouse_fw.dir/pico-sdk/lib/tinyusb/src/portable/raspberrypi/rp2040/dcd_rp2040.c.obj
 .bss.lazy_vsnprintf
                0x20001fbc        0x4 CMakeFiles/mouse_fw.dir/pico-sdk/src/rp2_common/pico_printf/printf.c.obj
 .bss.load_value
                0x20001fc0        0x4 CMakeFiles/mouse_fw.dir/pico-sdk/src/rp2_common/hardware_watchdog/watchdog.c.obj
 .bss.next_buffer_ptr
                0x20001fc4        0x4 CMakeFiles/mouse_fw.dir/pico-sdk/lib/tinyusb/src/portable/raspberrypi/rp2040/dcd_rp2040.c.obj
 .bss.one_shot_timer_crit_sec
                0x20001fc8        0x8 CMakeFiles/mouse_fw.dir/pico-sdk/src/rp2_common/pico_stdio_usb/stdio_usb.c.obj
 .bss.pad_ctrl_prev
                0x20001fd0        0x4 CMakeFiles/mouse_fw.dir/pico-sdk/src/rp2_common/pico_fix/rp2040_usb_device_enumeration/rp2040_usb_device_enumeration.c.obj
 .bss.pools     0x20001fd4       0x10 CMakeFiles/mouse_fw.dir/pico-sdk/src/common/pico_time/time.c.obj
 .bss.retrieved_id
                0x20001fe4        0x8 CMakeFiles/mouse_fw.dir/pico-sdk/src/rp2_common/pico_unique_id/unique_id.c.obj
 .bss.sf_clz_func
                0x20001fec        0x4 CMakeFiles/mouse_fw.dir/pico-sdk/src/rp2_common/pico_double/double_init_rom_rp2040.c.obj
                0x20001fec                sf_clz_func
 .bss.sleep_notifier
                0x20001ff0        0x4 CMakeFiles/mouse_fw.dir/pico-sdk/src/common/pico_time/time.c.obj
 .bss.stdio_usb_mutex
                0x20001ff4        0x8 CMakeFiles/mouse_fw.dir/pico-sdk/src/rp2_common/pico_stdio_usb/stdio_usb.c.obj
 .bss.usbd_serial_str
                0x20001ffc       0x11 CMakeFiles/mouse_fw.dir/pico-sdk/src/rp2_common/pico_stdio_usb/stdio_usb_descriptors.c.obj
 .bss._app_driver_count
                0x2000200d        0x1 CMakeFiles/mouse_fw.dir/pico-sdk/lib/tinyusb/src/device/usbd.c.obj
 .bss._sof_enable
                0x2000200e        0x1 CMakeFiles/mouse_fw.dir/pico-sdk/lib/tinyusb/src/portable/raspberrypi/rp2040/dcd_rp2040.c.obj
 .bss._usbd_queued_setup
                0x2000200f        0x1 CMakeFiles/mouse_fw.dir/pico-sdk/lib/tinyusb/src/device/usbd.c.obj
 .bss.boot2_copyout_valid
                0x20002010        0x1 CMakeFiles/mouse_fw.dir/pico-sdk/src/rp2_common/hardware_flash/flash.c.obj
 .bss.irq_handler_chain_free_slot_head
                0x20002011        0x1 CMakeFiles/mouse_fw.dir/pico-sdk/src/rp2_common/hardware_irq/irq.c.obj
 .bss.itf_num   0x20002012        0x1 CMakeFiles/mouse_fw.dir/pico-sdk/src/rp2_common/pico_stdio_usb/reset_interface.c.obj
 .bss.low_priority_irq_num
                0x20002013        0x1 CMakeFiles/mouse_fw.dir/pico-sdk/src/rp2_common/pico_stdio_usb/stdio_usb.c.obj
 .bss.one_shot_timer_pending
                0x20002014        0x1 CMakeFiles/mouse_fw.dir/pico-sdk/src/rp2_common/pico_stdio_usb/stdio_usb.c.obj
 .bss.user_irq_claimed
                0x20002015        0x1 CMakeFiles/mouse_fw.dir/pico-sdk/src/rp2_common/hardware_irq/irq.c.obj
 *(COMMON)
                0x20002018                . = ALIGN (0x4)
 *fill*         0x20002016        0x2 
                0x20002018                __bss_end__ = .

.heap           0x20002018      0x800 load address 0x10005d50
                0x20002018                __end__ = .
                0x20002018                end = __end__
 *(.heap*)
 .heap          0x20002018      0x800 CMakeFiles/mouse_fw.dir/pico-sdk/src/rp2_common/pico_crt0/crt0.S.obj
                0x20040000                __HeapLimit = (ORIGIN (RAM) + LENGTH (RAM))

.scratch_x      0x20040000        0x0 load address 0x10005d50
                0x20040000                __scratch_x_start__ = .
 *(.scratch_x.*)
                0x20040000                . = ALIGN (0x4)
                0x20040000                __scratch_x_end__ = .
                0x10005d50                __scratch_x_source__ = LOADADDR (.scratch_x)

.scratch_y      0x20041000        0x0 load address 0x10005d50
                0x20041000                __scratch_y_start__ = .
 *(.scratch_y.*)
                0x20041000                . = ALIGN (0x4)
                0x20041000                __scratch_y_end__ = .
                0x10005d50                __scratch_y_source__ = LOADADDR (.scratch_y)

.stack1_dummy   0x20040000        0x0
 *(.stack1*)

.stack_dummy    0x20041000      0x800
 *(.stack*)
 .stack         0x20041000      0x800 CMakeFiles/mouse_fw.dir/pico-sdk/src/rp2_common/pico_crt0/crt0.S.obj

.rel.dyn        0x20041800        0x0
 .rel.iplt      0x20041800        0x0 g:/apps/gcc-arm-none-eabi/bin/../lib/gcc/arm-none-eabi/10.3.1/thumb/v6-m/nofp/crtbegin.o

.flash_end      0x10005d50        0x0
 *(.embedded_end_block*)
                0x10005d50                PROVIDE (__flash_binary_end = .)
                0x20040000                __StackLimit = (ORIGIN (RAM) + LENGTH (RAM))
                0x20041000                __StackOneTop = (ORIGIN (SCRATCH_X) + LENGTH (SCRATCH_X))
                0x20042000                __StackTop = (ORIGIN (SCRATCH_Y) + LENGTH (SCRATCH_Y))
                0x20041000                __StackOneBottom = (__StackOneTop - SIZEOF (.stack1_dummy))
                0x20041800                __StackBottom = (__StackTop - SIZEOF (.stack_dummy))
                0x20042000                PROVIDE (__stack = __StackTop)
                [!provide]                PROVIDE (__heap_start = __end__)
                [!provide]                PROVIDE (__heap_end = __HeapLimit)
                [!provide]                PROVIDE (__tls_align = MAX (ALIGNOF (.tdata), ALIGNOF (.tbss)))
                [!provide]                PROVIDE (__tls_size_align = (((__tls_size + __tls_align) - 0x1) & ~ ((__tls_align - 0x1))))
                [!provide]                PROVIDE (__arm32_tls_tcb_offset = MAX (0x8, __tls_align))
                [!provide]                PROVIDE (_end = __end__)
                [!provide]                PROVIDE (__llvm_libc_heap_limit = __HeapLimit)
                0x00000001                ASSERT ((__StackLimit >= __HeapLimit), region RAM overflowed)
                0x00000001                ASSERT (((__binary_info_header_end - __logical_binary_start) <= 0x100), Binary info must be in first 256 bytes of the binary)
LOAD CMakeFiles/mouse_fw.dir/src/main.c.obj
LOAD CMakeFiles/mouse_fw.dir/pico-sdk/src/rp2_common/pico_stdlib/stdlib.c.obj
LOAD CMakeFiles/mouse_fw.dir/pico-sdk/src/rp2_common/hardware_gpio/gpio.c.obj
LOAD CMakeFiles/mouse_fw.dir/pico-sdk/src/rp2040/pico_platform/platform.c.obj
LOAD CMakeFiles/mouse_fw.dir/pico-sdk/src/rp2_common/pico_platform_common/common.c.obj
LOAD CMakeFiles/mouse_fw.dir/pico-sdk/src/rp2_common/pico_platform_panic/panic.c.obj
LOAD CMakeFiles/mouse_fw.dir/pico-sdk/src/common/hardware_claim/claim.c.obj
LOAD CMakeFiles/mouse_fw.dir/pico-sdk/src/rp2_common/hardware_sync/sync.c.obj
LOAD CMakeFiles/mouse_fw.dir/pico-sdk/src/rp2_common/hardware_sync_spin_lock/sync_spin_lock.c.obj
LOAD CMakeFiles/mouse_fw.dir/pico-sdk/src/rp2_common/hardware_irq/irq.c.obj
LOAD CMakeFiles/mouse_fw.dir/pico-sdk/src/rp2_common/hardware_irq/irq_handler_chain.S.obj
LOAD CMakeFiles/mouse_fw.dir/pico-sdk/src/common/pico_sync/sem.c.obj
LOAD CMakeFiles/mouse_fw.dir/pico-sdk/src/common/pico_sync/lock_core.c.obj
LOAD CMakeFiles/mouse_fw.dir/pico-sdk/src/common/pico_sync/mutex.c.obj
LOAD CMakeFiles/mouse_fw.dir/pico-sdk/src/common/pico_sync/critical_section.c.obj
LOAD CMakeFiles/mouse_fw.dir/pico-sdk/src/common/pico_time/time.c.obj
LOAD CMakeFiles/mouse_fw.dir/pico-sdk/src/common/pico_time/timeout_helper.c.obj
LOAD CMakeFiles/mouse_fw.dir/pico-sdk/src/rp2_common/hardware_timer/timer.c.obj
LOAD CMakeFiles/mouse_fw.dir/pico-sdk/src/common/pico_util/datetime.c.obj
LOAD CMakeFiles/mouse_fw.dir/pico-sdk/src/common/pico_util/pheap.c.obj
LOAD CMakeFiles/mouse_fw.dir/pico-sdk/src/common/pico_util/queue.c.obj
LOAD CMakeFiles/mouse_fw.dir/pico-sdk/src/rp2_common/hardware_uart/uart.c.obj
LOAD CMakeFiles/mouse_fw.dir/pico-sdk/src/rp2_common/hardware_clocks/clocks.c.obj
LOAD CMakeFiles/mouse_fw.dir/pico-sdk/src/rp2_common/hardware_pll/pll.c.obj
LOAD CMakeFiles/mouse_fw.dir/pico-sdk/src/rp2_common/hardware_vreg/vreg.c.obj
LOAD CMakeFiles/mouse_fw.dir/pico-sdk/src/rp2_common/hardware_watchdog/watchdog.c.obj
LOAD CMakeFiles/mouse_fw.dir/pico-sdk/src/rp2_common/hardware_ticks/ticks.c.obj
LOAD CMakeFiles/mouse_fw.dir/pico-sdk/src/rp2_common/pico_bootrom/bootrom.c.obj
LOAD CMakeFiles/mouse_fw.dir/pico-sdk/src/rp2_common/pico_bootrom/bootrom_lock.c.obj
LOAD CMakeFiles/mouse_fw.dir/pico-sdk/src/rp2_common/hardware_boot_lock/boot_lock.c.obj
LOAD CMakeFiles/mouse_fw.dir/pico-sdk/src/rp2_common/pico_flash/flash.c.obj
LOAD CMakeFiles/mouse_fw.dir/pico-sdk/src/rp2_common/hardware_xosc/xosc.c.obj
LOAD CMakeFiles/mouse_fw.dir/pico-sdk/src/rp2_common/hardware_divider/divider.S.obj
LOAD CMakeFiles/mouse_fw.dir/pico-sdk/src/rp2_common/pico_runtime/runtime.c.obj
LOAD CMakeFiles/mouse_fw.dir/pico-sdk/src/rp2_common/pico_runtime_init/runtime_init.c.obj
LOAD CMakeFiles/mouse_fw.dir/pico-sdk/src/rp2_common/pico_runtime_init/runtime_init_clocks.c.obj
LOAD CMakeFiles/mouse_fw.dir/pico-sdk/src/rp2_common/pico_runtime_init/runtime_init_stack_guard.c.obj
LOAD CMakeFiles/mouse_fw.dir/pico-sdk/src/rp2_common/pico_bit_ops/bit_ops_aeabi.S.obj
LOAD CMakeFiles/mouse_fw.dir/pico-sdk/src/rp2_common/pico_divider/divider_hardware.S.obj
LOAD CMakeFiles/mouse_fw.dir/pico-sdk/src/rp2_common/pico_double/double_aeabi_rp2040.S.obj
LOAD CMakeFiles/mouse_fw.dir/pico-sdk/src/rp2_common/pico_double/double_init_rom_rp2040.c.obj
LOAD CMakeFiles/mouse_fw.dir/pico-sdk/src/rp2_common/pico_double/double_math.c.obj
LOAD CMakeFiles/mouse_fw.dir/pico-sdk/src/rp2_common/pico_double/double_v1_rom_shim_rp2040.S.obj
LOAD CMakeFiles/mouse_fw.dir/pico-sdk/src/rp2_common/pico_int64_ops/pico_int64_ops_aeabi.S.obj
LOAD CMakeFiles/mouse_fw.dir/pico-sdk/src/rp2_common/pico_float/float_aeabi_rp2040.S.obj
LOAD CMakeFiles/mouse_fw.dir/pico-sdk/src/rp2_common/pico_float/float_init_rom_rp2040.c.obj
LOAD CMakeFiles/mouse_fw.dir/pico-sdk/src/rp2_common/pico_float/float_math.c.obj
LOAD CMakeFiles/mouse_fw.dir/pico-sdk/src/rp2_common/pico_float/float_v1_rom_shim_rp2040.S.obj
LOAD CMakeFiles/mouse_fw.dir/pico-sdk/src/rp2_common/pico_malloc/malloc.c.obj
LOAD CMakeFiles/mouse_fw.dir/pico-sdk/src/rp2_common/pico_mem_ops/mem_ops_aeabi.S.obj
LOAD CMakeFiles/mouse_fw.dir/pico-sdk/src/rp2_common/pico_atomic/atomic.c.obj
LOAD CMakeFiles/mouse_fw.dir/pico-sdk/src/rp2_common/pico_cxx_options/new_delete.cpp.obj
LOAD CMakeFiles/mouse_fw.dir/pico-sdk/src/rp2_common/pico_standard_binary_info/standard_binary_info.c.obj
LOAD CMakeFiles/mouse_fw.dir/pico-sdk/src/rp2_common/pico_printf/printf.c.obj
LOAD CMakeFiles/mouse_fw.dir/pico-sdk/src/rp2_common/pico_crt0/crt0.S.obj
LOAD CMakeFiles/mouse_fw.dir/pico-sdk/src/rp2_common/pico_clib_interface/newlib_interface.c.obj
LOAD CMakeFiles/mouse_fw.dir/pico-sdk/src/rp2_common/pico_stdio/stdio.c.obj
LOAD CMakeFiles/mouse_fw.dir/pico-sdk/src/rp2_common/pico_stdio_usb/reset_interface.c.obj
LOAD CMakeFiles/mouse_fw.dir/pico-sdk/src/rp2_common/pico_stdio_usb/stdio_usb.c.obj
LOAD CMakeFiles/mouse_fw.dir/pico-sdk/src/rp2_common/pico_stdio_usb/stdio_usb_descriptors.c.obj
LOAD CMakeFiles/mouse_fw.dir/pico-sdk/src/rp2_common/pico_unique_id/unique_id.c.obj
LOAD CMakeFiles/mouse_fw.dir/pico-sdk/src/rp2_common/hardware_flash/flash.c.obj
LOAD CMakeFiles/mouse_fw.dir/pico-sdk/src/rp2_common/hardware_xip_cache/xip_cache.c.obj
LOAD CMakeFiles/mouse_fw.dir/pico-sdk/lib/tinyusb/src/portable/raspberrypi/rp2040/dcd_rp2040.c.obj
LOAD CMakeFiles/mouse_fw.dir/pico-sdk/lib/tinyusb/src/portable/raspberrypi/rp2040/rp2040_usb.c.obj
LOAD CMakeFiles/mouse_fw.dir/pico-sdk/lib/tinyusb/src/device/usbd.c.obj
LOAD CMakeFiles/mouse_fw.dir/pico-sdk/lib/tinyusb/src/device/usbd_control.c.obj
LOAD CMakeFiles/mouse_fw.dir/pico-sdk/lib/tinyusb/src/class/audio/audio_device.c.obj
LOAD CMakeFiles/mouse_fw.dir/pico-sdk/lib/tinyusb/src/class/cdc/cdc_device.c.obj
LOAD CMakeFiles/mouse_fw.dir/pico-sdk/lib/tinyusb/src/class/dfu/dfu_device.c.obj
LOAD CMakeFiles/mouse_fw.dir/pico-sdk/lib/tinyusb/src/class/dfu/dfu_rt_device.c.obj
LOAD CMakeFiles/mouse_fw.dir/pico-sdk/lib/tinyusb/src/class/hid/hid_device.c.obj
LOAD CMakeFiles/mouse_fw.dir/pico-sdk/lib/tinyusb/src/class/midi/midi_device.c.obj
LOAD CMakeFiles/mouse_fw.dir/pico-sdk/lib/tinyusb/src/class/msc/msc_device.c.obj
LOAD CMakeFiles/mouse_fw.dir/pico-sdk/lib/tinyusb/src/class/net/ecm_rndis_device.c.obj
LOAD CMakeFiles/mouse_fw.dir/pico-sdk/lib/tinyusb/src/class/net/ncm_device.c.obj
LOAD CMakeFiles/mouse_fw.dir/pico-sdk/lib/tinyusb/src/class/usbtmc/usbtmc_device.c.obj
LOAD CMakeFiles/mouse_fw.dir/pico-sdk/lib/tinyusb/src/class/vendor/vendor_device.c.obj
LOAD CMakeFiles/mouse_fw.dir/pico-sdk/lib/tinyusb/src/class/video/video_device.c.obj
LOAD CMakeFiles/mouse_fw.dir/pico-sdk/lib/tinyusb/src/tusb.c.obj
LOAD CMakeFiles/mouse_fw.dir/pico-sdk/lib/tinyusb/src/common/tusb_fifo.c.obj
LOAD CMakeFiles/mouse_fw.dir/pico-sdk/src/rp2_common/pico_fix/rp2040_usb_device_enumeration/rp2040_usb_device_enumeration.c.obj
LOAD pico-sdk/src/rp2040/boot_stage2/CMakeFiles/bs2_default_library.dir/./bs2_default_padded_checksummed.S.obj
LOAD g:/apps/gcc-arm-none-eabi/bin/../lib/gcc/arm-none-eabi/10.3.1/../../../../arm-none-eabi/lib/thumb/v6-m/nofp\libstdc++.a
LOAD g:/apps/gcc-arm-none-eabi/bin/../lib/gcc/arm-none-eabi/10.3.1/../../../../arm-none-eabi/lib/thumb/v6-m/nofp\libm.a
START GROUP
LOAD g:/apps/gcc-arm-none-eabi/bin/../lib/gcc/arm-none-eabi/10.3.1/thumb/v6-m/nofp\libgcc.a
LOAD g:/apps/gcc-arm-none-eabi/bin/../lib/gcc/arm-none-eabi/10.3.1/../../../../arm-none-eabi/lib/thumb/v6-m/nofp\libg.a
LOAD g:/apps/gcc-arm-none-eabi/bin/../lib/gcc/arm-none-eabi/10.3.1/../../../../arm-none-eabi/lib/thumb/v6-m/nofp\libc.a
END GROUP
START GROUP
LOAD g:/apps/gcc-arm-none-eabi/bin/../lib/gcc/arm-none-eabi/10.3.1/thumb/v6-m/nofp\libgcc.a
LOAD g:/apps/gcc-arm-none-eabi/bin/../lib/gcc/arm-none-eabi/10.3.1/../../../../arm-none-eabi/lib/thumb/v6-m/nofp\libc.a
LOAD g:/apps/gcc-arm-none-eabi/bin/../lib/gcc/arm-none-eabi/10.3.1/../../../../arm-none-eabi/lib/thumb/v6-m/nofp\libnosys.a
END GROUP
LOAD g:/apps/gcc-arm-none-eabi/bin/../lib/gcc/arm-none-eabi/10.3.1/thumb/v6-m/nofp/crtend.o
LOAD g:/apps/gcc-arm-none-eabi/bin/../lib/gcc/arm-none-eabi/10.3.1/thumb/v6-m/nofp/crtn.o
OUTPUT(mouse_fw.elf elf32-littlearm)
LOAD linker stubs

.ARM.attributes
                0x00000000       0x28
 .ARM.attributes
                0x00000000       0x1e g:/apps/gcc-arm-none-eabi/bin/../lib/gcc/arm-none-eabi/10.3.1/thumb/v6-m/nofp/crti.o
 .ARM.attributes
                0x0000001e       0x2c g:/apps/gcc-arm-none-eabi/bin/../lib/gcc/arm-none-eabi/10.3.1/thumb/v6-m/nofp/crtbegin.o
 .ARM.attributes
                0x0000004a       0x2c CMakeFiles/mouse_fw.dir/src/main.c.obj
 .ARM.attributes
                0x00000076       0x2c CMakeFiles/mouse_fw.dir/pico-sdk/src/rp2_common/hardware_gpio/gpio.c.obj
 .ARM.attributes
                0x000000a2       0x2c CMakeFiles/mouse_fw.dir/pico-sdk/src/rp2040/pico_platform/platform.c.obj
 .ARM.attributes
                0x000000ce       0x2c CMakeFiles/mouse_fw.dir/pico-sdk/src/rp2_common/pico_platform_panic/panic.c.obj
 .ARM.attributes
                0x000000fa       0x2c CMakeFiles/mouse_fw.dir/pico-sdk/src/common/hardware_claim/claim.c.obj
 .ARM.attributes
                0x00000126       0x2c CMakeFiles/mouse_fw.dir/pico-sdk/src/rp2_common/hardware_sync/sync.c.obj
 .ARM.attributes
                0x00000152       0x2c CMakeFiles/mouse_fw.dir/pico-sdk/src/rp2_common/hardware_sync_spin_lock/sync_spin_lock.c.obj
 .ARM.attributes
                0x0000017e       0x2c CMakeFiles/mouse_fw.dir/pico-sdk/src/rp2_common/hardware_irq/irq.c.obj
 .ARM.attributes
                0x000001aa       0x22 CMakeFiles/mouse_fw.dir/pico-sdk/src/rp2_common/hardware_irq/irq_handler_chain.S.obj
 .ARM.attributes
                0x000001cc       0x2c CMakeFiles/mouse_fw.dir/pico-sdk/src/common/pico_sync/lock_core.c.obj
 .ARM.attributes
                0x000001f8       0x2c CMakeFiles/mouse_fw.dir/pico-sdk/src/common/pico_sync/mutex.c.obj
 .ARM.attributes
                0x00000224       0x2c CMakeFiles/mouse_fw.dir/pico-sdk/src/common/pico_sync/critical_section.c.obj
 .ARM.attributes
                0x00000250       0x2c CMakeFiles/mouse_fw.dir/pico-sdk/src/common/pico_time/time.c.obj
 .ARM.attributes
                0x0000027c       0x2c CMakeFiles/mouse_fw.dir/pico-sdk/src/rp2_common/hardware_timer/timer.c.obj
 .ARM.attributes
                0x000002a8       0x2c CMakeFiles/mouse_fw.dir/pico-sdk/src/rp2_common/hardware_clocks/clocks.c.obj
 .ARM.attributes
                0x000002d4       0x2c CMakeFiles/mouse_fw.dir/pico-sdk/src/rp2_common/hardware_pll/pll.c.obj
 .ARM.attributes
                0x00000300       0x2c CMakeFiles/mouse_fw.dir/pico-sdk/src/rp2_common/hardware_watchdog/watchdog.c.obj
 .ARM.attributes
                0x0000032c       0x2c CMakeFiles/mouse_fw.dir/pico-sdk/src/rp2_common/hardware_ticks/ticks.c.obj
 .ARM.attributes
                0x00000358       0x2c CMakeFiles/mouse_fw.dir/pico-sdk/src/rp2_common/pico_bootrom/bootrom.c.obj
 .ARM.attributes
                0x00000384       0x2c CMakeFiles/mouse_fw.dir/pico-sdk/src/rp2_common/hardware_xosc/xosc.c.obj
 .ARM.attributes
                0x000003b0       0x2c CMakeFiles/mouse_fw.dir/pico-sdk/src/rp2_common/pico_runtime/runtime.c.obj
 .ARM.attributes
                0x000003dc       0x2c CMakeFiles/mouse_fw.dir/pico-sdk/src/rp2_common/pico_runtime_init/runtime_init.c.obj
 .ARM.attributes
                0x00000408       0x2c CMakeFiles/mouse_fw.dir/pico-sdk/src/rp2_common/pico_runtime_init/runtime_init_clocks.c.obj
 .ARM.attributes
                0x00000434       0x22 CMakeFiles/mouse_fw.dir/pico-sdk/src/rp2_common/pico_bit_ops/bit_ops_aeabi.S.obj
 .ARM.attributes
                0x00000456       0x22 CMakeFiles/mouse_fw.dir/pico-sdk/src/rp2_common/pico_divider/divider_hardware.S.obj
 .ARM.attributes
                0x00000478       0x22 CMakeFiles/mouse_fw.dir/pico-sdk/src/rp2_common/pico_double/double_aeabi_rp2040.S.obj
 .ARM.attributes
                0x0000049a       0x2c CMakeFiles/mouse_fw.dir/pico-sdk/src/rp2_common/pico_double/double_init_rom_rp2040.c.obj
 .ARM.attributes
                0x000004c6       0x22 CMakeFiles/mouse_fw.dir/pico-sdk/src/rp2_common/pico_double/double_v1_rom_shim_rp2040.S.obj
 .ARM.attributes
                0x000004e8       0x22 CMakeFiles/mouse_fw.dir/pico-sdk/src/rp2_common/pico_int64_ops/pico_int64_ops_aeabi.S.obj
 .ARM.attributes
                0x0000050a       0x22 CMakeFiles/mouse_fw.dir/pico-sdk/src/rp2_common/pico_float/float_aeabi_rp2040.S.obj
 .ARM.attributes
                0x0000052c       0x2c CMakeFiles/mouse_fw.dir/pico-sdk/src/rp2_common/pico_float/float_init_rom_rp2040.c.obj
 .ARM.attributes
                0x00000558       0x22 CMakeFiles/mouse_fw.dir/pico-sdk/src/rp2_common/pico_float/float_v1_rom_shim_rp2040.S.obj
 .ARM.attributes
                0x0000057a       0x22 CMakeFiles/mouse_fw.dir/pico-sdk/src/rp2_common/pico_mem_ops/mem_ops_aeabi.S.obj
 .ARM.attributes
                0x0000059c       0x2c CMakeFiles/mouse_fw.dir/pico-sdk/src/rp2_common/pico_standard_binary_info/standard_binary_info.c.obj
 .ARM.attributes
                0x000005c8       0x2c CMakeFiles/mouse_fw.dir/pico-sdk/src/rp2_common/pico_printf/printf.c.obj
 .ARM.attributes
                0x000005f4       0x22 CMakeFiles/mouse_fw.dir/pico-sdk/src/rp2_common/pico_crt0/crt0.S.obj
 .ARM.attributes
                0x00000616       0x2c CMakeFiles/mouse_fw.dir/pico-sdk/src/rp2_common/pico_clib_interface/newlib_interface.c.obj
 .ARM.attributes
                0x00000642       0x2c CMakeFiles/mouse_fw.dir/pico-sdk/src/rp2_common/pico_stdio/stdio.c.obj
 .ARM.attributes
                0x0000066e       0x2c CMakeFiles/mouse_fw.dir/pico-sdk/src/rp2_common/pico_stdio_usb/reset_interface.c.obj
 .ARM.attributes
                0x0000069a       0x2c CMakeFiles/mouse_fw.dir/pico-sdk/src/rp2_common/pico_stdio_usb/stdio_usb.c.obj
 .ARM.attributes
                0x000006c6       0x2c CMakeFiles/mouse_fw.dir/pico-sdk/src/rp2_common/pico_stdio_usb/stdio_usb_descriptors.c.obj
 .ARM.attributes
                0x000006f2       0x2c CMakeFiles/mouse_fw.dir/pico-sdk/src/rp2_common/pico_unique_id/unique_id.c.obj
 .ARM.attributes
                0x0000071e       0x2c CMakeFiles/mouse_fw.dir/pico-sdk/src/rp2_common/hardware_flash/flash.c.obj
 .ARM.attributes
                0x0000074a       0x2c CMakeFiles/mouse_fw.dir/pico-sdk/lib/tinyusb/src/portable/raspberrypi/rp2040/dcd_rp2040.c.obj
 .ARM.attributes
                0x00000776       0x2c CMakeFiles/mouse_fw.dir/pico-sdk/lib/tinyusb/src/portable/raspberrypi/rp2040/rp2040_usb.c.obj
 .ARM.attributes
                0x000007a2       0x2c CMakeFiles/mouse_fw.dir/pico-sdk/lib/tinyusb/src/device/usbd.c.obj
 .ARM.attributes
                0x000007ce       0x2c CMakeFiles/mouse_fw.dir/pico-sdk/lib/tinyusb/src/device/usbd_control.c.obj
 .ARM.attributes
                0x000007fa       0x2c CMakeFiles/mouse_fw.dir/pico-sdk/lib/tinyusb/src/class/cdc/cdc_device.c.obj
 .ARM.attributes
                0x00000826       0x2c CMakeFiles/mouse_fw.dir/pico-sdk/lib/tinyusb/src/class/vendor/vendor_device.c.obj
 .ARM.attributes
                0x00000852       0x2c CMakeFiles/mouse_fw.dir/pico-sdk/lib/tinyusb/src/tusb.c.obj
 .ARM.attributes
                0x0000087e       0x2c CMakeFiles/mouse_fw.dir/pico-sdk/lib/tinyusb/src/common/tusb_fifo.c.obj
 .ARM.attributes
                0x000008aa       0x2c CMakeFiles/mouse_fw.dir/pico-sdk/src/rp2_common/pico_fix/rp2040_usb_device_enumeration/rp2040_usb_device_enumeration.c.obj
 .ARM.attributes
                0x000008d6       0x22 pico-sdk/src/rp2040/boot_stage2/CMakeFiles/bs2_default_library.dir/./bs2_default_padded_checksummed.S.obj
 .ARM.attributes
                0x000008f8       0x1e g:/apps/gcc-arm-none-eabi/bin/../lib/gcc/arm-none-eabi/10.3.1/thumb/v6-m/nofp\libgcc.a(_dvmd_tls.o)
 .ARM.attributes
                0x00000916       0x2c g:/apps/gcc-arm-none-eabi/bin/../lib/gcc/arm-none-eabi/10.3.1/../../../../arm-none-eabi/lib/thumb/v6-m/nofp\libg.a(lib_a-strlen-stub.o)

.comment        0x00000000       0x49
 .comment       0x00000000       0x49 CMakeFiles/mouse_fw.dir/src/main.c.obj
                                 0x4a (size before relaxing)
 .comment       0x00000049       0x4a CMakeFiles/mouse_fw.dir/pico-sdk/src/rp2_common/hardware_gpio/gpio.c.obj
 .comment       0x00000049       0x4a CMakeFiles/mouse_fw.dir/pico-sdk/src/rp2040/pico_platform/platform.c.obj
 .comment       0x00000049       0x4a CMakeFiles/mouse_fw.dir/pico-sdk/src/rp2_common/pico_platform_panic/panic.c.obj
 .comment       0x00000049       0x4a CMakeFiles/mouse_fw.dir/pico-sdk/src/common/hardware_claim/claim.c.obj
 .comment       0x00000049       0x4a CMakeFiles/mouse_fw.dir/pico-sdk/src/rp2_common/hardware_sync/sync.c.obj
 .comment       0x00000049       0x4a CMakeFiles/mouse_fw.dir/pico-sdk/src/rp2_common/hardware_sync_spin_lock/sync_spin_lock.c.obj
 .comment       0x00000049       0x4a CMakeFiles/mouse_fw.dir/pico-sdk/src/rp2_common/hardware_irq/irq.c.obj
 .comment       0x00000049       0x4a CMakeFiles/mouse_fw.dir/pico-sdk/src/common/pico_sync/lock_core.c.obj
 .comment       0x00000049       0x4a CMakeFiles/mouse_fw.dir/pico-sdk/src/common/pico_sync/mutex.c.obj
 .comment       0x00000049       0x4a CMakeFiles/mouse_fw.dir/pico-sdk/src/common/pico_sync/critical_section.c.obj
 .comment       0x00000049       0x4a CMakeFiles/mouse_fw.dir/pico-sdk/src/common/pico_time/time.c.obj
 .comment       0x00000049       0x4a CMakeFiles/mouse_fw.dir/pico-sdk/src/rp2_common/hardware_timer/timer.c.obj
 .comment       0x00000049       0x4a CMakeFiles/mouse_fw.dir/pico-sdk/src/rp2_common/hardware_clocks/clocks.c.obj
 .comment       0x00000049       0x4a CMakeFiles/mouse_fw.dir/pico-sdk/src/rp2_common/hardware_pll/pll.c.obj
 .comment       0x00000049       0x4a CMakeFiles/mouse_fw.dir/pico-sdk/src/rp2_common/hardware_watchdog/watchdog.c.obj
 .comment       0x00000049       0x4a CMakeFiles/mouse_fw.dir/pico-sdk/src/rp2_common/hardware_ticks/ticks.c.obj
 .comment       0x00000049       0x4a CMakeFiles/mouse_fw.dir/pico-sdk/src/rp2_common/pico_bootrom/bootrom.c.obj
 .comment       0x00000049       0x4a CMakeFiles/mouse_fw.dir/pico-sdk/src/rp2_common/hardware_xosc/xosc.c.obj
 .comment       0x00000049       0x4a CMakeFiles/mouse_fw.dir/pico-sdk/src/rp2_common/pico_runtime/runtime.c.obj
 .comment       0x00000049       0x4a CMakeFiles/mouse_fw.dir/pico-sdk/src/rp2_common/pico_runtime_init/runtime_init.c.obj
 .comment       0x00000049       0x4a CMakeFiles/mouse_fw.dir/pico-sdk/src/rp2_common/pico_runtime_init/runtime_init_clocks.c.obj
 .comment       0x00000049       0x4a CMakeFiles/mouse_fw.dir/pico-sdk/src/rp2_common/pico_double/double_init_rom_rp2040.c.obj
 .comment       0x00000049       0x4a CMakeFiles/mouse_fw.dir/pico-sdk/src/rp2_common/pico_float/float_init_rom_rp2040.c.obj
 .comment       0x00000049       0x4a CMakeFiles/mouse_fw.dir/pico-sdk/src/rp2_common/pico_standard_binary_info/standard_binary_info.c.obj
 .comment       0x00000049       0x4a CMakeFiles/mouse_fw.dir/pico-sdk/src/rp2_common/pico_printf/printf.c.obj
 .comment       0x00000049       0x4a CMakeFiles/mouse_fw.dir/pico-sdk/src/rp2_common/pico_clib_interface/newlib_interface.c.obj
 .comment       0x00000049       0x4a CMakeFiles/mouse_fw.dir/pico-sdk/src/rp2_common/pico_stdio/stdio.c.obj
 .comment       0x00000049       0x4a CMakeFiles/mouse_fw.dir/pico-sdk/src/rp2_common/pico_stdio_usb/reset_interface.c.obj
 .comment       0x00000049       0x4a CMakeFiles/mouse_fw.dir/pico-sdk/src/rp2_common/pico_stdio_usb/stdio_usb.c.obj
 .comment       0x00000049       0x4a CMakeFiles/mouse_fw.dir/pico-sdk/src/rp2_common/pico_stdio_usb/stdio_usb_descriptors.c.obj
 .comment       0x00000049       0x4a CMakeFiles/mouse_fw.dir/pico-sdk/src/rp2_common/pico_unique_id/unique_id.c.obj
 .comment       0x00000049       0x4a CMakeFiles/mouse_fw.dir/pico-sdk/src/rp2_common/hardware_flash/flash.c.obj
 .comment       0x00000049       0x4a CMakeFiles/mouse_fw.dir/pico-sdk/lib/tinyusb/src/portable/raspberrypi/rp2040/dcd_rp2040.c.obj
 .comment       0x00000049       0x4a CMakeFiles/mouse_fw.dir/pico-sdk/lib/tinyusb/src/portable/raspberrypi/rp2040/rp2040_usb.c.obj
 .comment       0x00000049       0x4a CMakeFiles/mouse_fw.dir/pico-sdk/lib/tinyusb/src/device/usbd.c.obj
 .comment       0x00000049       0x4a CMakeFiles/mouse_fw.dir/pico-sdk/lib/tinyusb/src/device/usbd_control.c.obj